## SLURM PROLOG ###############################################################
##    Job ID : 4380271
##  Job Name : octa500_lv
##  Nodelist : gpu2104
##      CPUs : 4
##  Mem/Node : 32768 MB
## Directory : /oscar/home/egottfri/code/octa-segmentation
##   Job Started : Wed Jul 29 16:57:50 EDT 2026
###############################################################################
device: cuda
train: 240  test: 60
paths ok; image 400x400
[train] unet

==================================================
FOLD 1/5
==================================================
Epoch 1/100 | train_loss: 0.5423 | val_loss: 0.4585 | val_dice: 0.8206
New best! Saved (val_dice: 0.8206)
Epoch 2/100 | train_loss: 0.4319 | val_loss: 0.4201 | val_dice: 0.8157
Epoch 3/100 | train_loss: 0.3953 | val_loss: 0.3767 | val_dice: 0.8454
New best! Saved (val_dice: 0.8454)
Epoch 4/100 | train_loss: 0.3698 | val_loss: 0.3585 | val_dice: 0.8458
New best! Saved (val_dice: 0.8458)
Epoch 5/100 | train_loss: 0.3464 | val_loss: 0.3366 | val_dice: 0.8588
New best! Saved (val_dice: 0.8588)
Epoch 6/100 | train_loss: 0.3295 | val_loss: 0.3232 | val_dice: 0.8593
New best! Saved (val_dice: 0.8593)
Epoch 7/100 | train_loss: 0.3123 | val_loss: 0.2996 | val_dice: 0.8718
New best! Saved (val_dice: 0.8718)
Epoch 8/100 | train_loss: 0.2976 | val_loss: 0.2876 | val_dice: 0.8689
Epoch 9/100 | train_loss: 0.2813 | val_loss: 0.2719 | val_dice: 0.8763
New best! Saved (val_dice: 0.8763)
Epoch 10/100 | train_loss: 0.2679 | val_loss: 0.2641 | val_dice: 0.8702
Epoch 11/100 | train_loss: 0.2545 | val_loss: 0.2485 | val_dice: 0.8792
New best! Saved (val_dice: 0.8792)
Epoch 12/100 | train_loss: 0.2423 | val_loss: 0.2400 | val_dice: 0.8759
Epoch 13/100 | train_loss: 0.2310 | val_loss: 0.2300 | val_dice: 0.8745
Epoch 14/100 | train_loss: 0.2208 | val_loss: 0.2162 | val_dice: 0.8809
New best! Saved (val_dice: 0.8809)
Epoch 15/100 | train_loss: 0.2110 | val_loss: 0.2043 | val_dice: 0.8773
Epoch 16/100 | train_loss: 0.2010 | val_loss: 0.1961 | val_dice: 0.8849
New best! Saved (val_dice: 0.8849)
Epoch 17/100 | train_loss: 0.1935 | val_loss: 0.1887 | val_dice: 0.8804
Epoch 18/100 | train_loss: 0.1860 | val_loss: 0.1894 | val_dice: 0.8759
Epoch 19/100 | train_loss: 0.1785 | val_loss: 0.1796 | val_dice: 0.8795
Epoch 20/100 | train_loss: 0.1724 | val_loss: 0.1755 | val_dice: 0.8722
Epoch 21/100 | train_loss: 0.1671 | val_loss: 0.1650 | val_dice: 0.8819
Epoch 22/100 | train_loss: 0.1599 | val_loss: 0.1604 | val_dice: 0.8811
Epoch 23/100 | train_loss: 0.1565 | val_loss: 0.1617 | val_dice: 0.8714
Epoch 24/100 | train_loss: 0.1517 | val_loss: 0.1487 | val_dice: 0.8870
New best! Saved (val_dice: 0.8870)
Epoch 25/100 | train_loss: 0.1464 | val_loss: 0.1429 | val_dice: 0.8874
New best! Saved (val_dice: 0.8874)
Epoch 26/100 | train_loss: 0.1415 | val_loss: 0.1426 | val_dice: 0.8834
Epoch 27/100 | train_loss: 0.1391 | val_loss: 0.1421 | val_dice: 0.8781
Epoch 28/100 | train_loss: 0.1368 | val_loss: 0.1414 | val_dice: 0.8780
Epoch 29/100 | train_loss: 0.1335 | val_loss: 0.1336 | val_dice: 0.8856
Epoch 30/100 | train_loss: 0.1295 | val_loss: 0.1313 | val_dice: 0.8833
Epoch 31/100 | train_loss: 0.1273 | val_loss: 0.1301 | val_dice: 0.8821
Epoch 32/100 | train_loss: 0.1260 | val_loss: 0.1249 | val_dice: 0.8872
Epoch 33/100 | train_loss: 0.1241 | val_loss: 0.1296 | val_dice: 0.8758
Epoch 34/100 | train_loss: 0.1204 | val_loss: 0.1236 | val_dice: 0.8824
Epoch 35/100 | train_loss: 0.1204 | val_loss: 0.1267 | val_dice: 0.8746
Early stopping at epoch 35
Saved training curve to /users/egottfri/code/octa-segmentation/results/octa500_lv_ablation/unet/training_curve_fold1.png
Fold 1 best Dice: 0.8874

==================================================
FOLD 2/5
==================================================
Epoch 1/100 | train_loss: 0.5833 | val_loss: 0.5035 | val_dice: 0.7983
New best! Saved (val_dice: 0.7983)
Epoch 2/100 | train_loss: 0.4707 | val_loss: 0.4586 | val_dice: 0.8063
New best! Saved (val_dice: 0.8063)
Epoch 3/100 | train_loss: 0.4342 | val_loss: 0.4231 | val_dice: 0.8505
New best! Saved (val_dice: 0.8505)
Epoch 4/100 | train_loss: 0.4092 | val_loss: 0.4011 | val_dice: 0.8508
New best! Saved (val_dice: 0.8508)
Epoch 5/100 | train_loss: 0.3886 | val_loss: 0.3827 | val_dice: 0.8686
New best! Saved (val_dice: 0.8686)
Epoch 6/100 | train_loss: 0.3700 | val_loss: 0.3569 | val_dice: 0.8637
Epoch 7/100 | train_loss: 0.3534 | val_loss: 0.3439 | val_dice: 0.8721
New best! Saved (val_dice: 0.8721)
Epoch 8/100 | train_loss: 0.3346 | val_loss: 0.3283 | val_dice: 0.8663
Epoch 9/100 | train_loss: 0.3186 | val_loss: 0.3093 | val_dice: 0.8772
New best! Saved (val_dice: 0.8772)
Epoch 10/100 | train_loss: 0.3029 | val_loss: 0.2983 | val_dice: 0.8678
Epoch 11/100 | train_loss: 0.2881 | val_loss: 0.2812 | val_dice: 0.8757
Epoch 12/100 | train_loss: 0.2731 | val_loss: 0.2695 | val_dice: 0.8728
Epoch 13/100 | train_loss: 0.2610 | val_loss: 0.2540 | val_dice: 0.8802
New best! Saved (val_dice: 0.8802)
Epoch 14/100 | train_loss: 0.2493 | val_loss: 0.2453 | val_dice: 0.8803
New best! Saved (val_dice: 0.8803)
Epoch 15/100 | train_loss: 0.2371 | val_loss: 0.2337 | val_dice: 0.8814
New best! Saved (val_dice: 0.8814)
Epoch 16/100 | train_loss: 0.2268 | val_loss: 0.2192 | val_dice: 0.8832
New best! Saved (val_dice: 0.8832)
Epoch 17/100 | train_loss: 0.2168 | val_loss: 0.2110 | val_dice: 0.8863
New best! Saved (val_dice: 0.8863)
Epoch 18/100 | train_loss: 0.2075 | val_loss: 0.2000 | val_dice: 0.8868
New best! Saved (val_dice: 0.8868)
Epoch 19/100 | train_loss: 0.1973 | val_loss: 0.1940 | val_dice: 0.8816
Epoch 20/100 | train_loss: 0.1898 | val_loss: 0.1892 | val_dice: 0.8783
Epoch 21/100 | train_loss: 0.1825 | val_loss: 0.1793 | val_dice: 0.8826
Epoch 22/100 | train_loss: 0.1756 | val_loss: 0.1724 | val_dice: 0.8828
Epoch 23/100 | train_loss: 0.1696 | val_loss: 0.1653 | val_dice: 0.8856
Epoch 24/100 | train_loss: 0.1640 | val_loss: 0.1608 | val_dice: 0.8858
Epoch 25/100 | train_loss: 0.1603 | val_loss: 0.1602 | val_dice: 0.8825
Epoch 26/100 | train_loss: 0.1549 | val_loss: 0.1518 | val_dice: 0.8856
Epoch 27/100 | train_loss: 0.1491 | val_loss: 0.1505 | val_dice: 0.8821
Epoch 28/100 | train_loss: 0.1460 | val_loss: 0.1411 | val_dice: 0.8883
New best! Saved (val_dice: 0.8883)
Epoch 29/100 | train_loss: 0.1428 | val_loss: 0.1517 | val_dice: 0.8710
Epoch 30/100 | train_loss: 0.1383 | val_loss: 0.1401 | val_dice: 0.8840
Epoch 31/100 | train_loss: 0.1355 | val_loss: 0.1325 | val_dice: 0.8876
Epoch 32/100 | train_loss: 0.1317 | val_loss: 0.1331 | val_dice: 0.8838
Epoch 33/100 | train_loss: 0.1292 | val_loss: 0.1316 | val_dice: 0.8826
Epoch 34/100 | train_loss: 0.1285 | val_loss: 0.1287 | val_dice: 0.8830
Epoch 35/100 | train_loss: 0.1253 | val_loss: 0.1278 | val_dice: 0.8844
Epoch 36/100 | train_loss: 0.1236 | val_loss: 0.1222 | val_dice: 0.8861
Epoch 37/100 | train_loss: 0.1214 | val_loss: 0.1262 | val_dice: 0.8790
Epoch 38/100 | train_loss: 0.1190 | val_loss: 0.1233 | val_dice: 0.8822
Early stopping at epoch 38
Saved training curve to /users/egottfri/code/octa-segmentation/results/octa500_lv_ablation/unet/training_curve_fold2.png
Fold 2 best Dice: 0.8883

==================================================
FOLD 3/5
==================================================
Epoch 1/100 | train_loss: 0.5698 | val_loss: 0.4837 | val_dice: 0.8147
New best! Saved (val_dice: 0.8147)
Epoch 2/100 | train_loss: 0.4661 | val_loss: 0.4356 | val_dice: 0.8430
New best! Saved (val_dice: 0.8430)
Epoch 3/100 | train_loss: 0.4288 | val_loss: 0.4125 | val_dice: 0.8516
New best! Saved (val_dice: 0.8516)
Epoch 4/100 | train_loss: 0.4032 | val_loss: 0.3905 | val_dice: 0.8585
New best! Saved (val_dice: 0.8585)
Epoch 5/100 | train_loss: 0.3819 | val_loss: 0.3697 | val_dice: 0.8652
New best! Saved (val_dice: 0.8652)
Epoch 6/100 | train_loss: 0.3630 | val_loss: 0.3599 | val_dice: 0.8584
Epoch 7/100 | train_loss: 0.3455 | val_loss: 0.3362 | val_dice: 0.8681
New best! Saved (val_dice: 0.8681)
Epoch 8/100 | train_loss: 0.3300 | val_loss: 0.3205 | val_dice: 0.8679
Epoch 9/100 | train_loss: 0.3134 | val_loss: 0.3041 | val_dice: 0.8731
New best! Saved (val_dice: 0.8731)
Epoch 10/100 | train_loss: 0.2978 | val_loss: 0.2904 | val_dice: 0.8718
Epoch 11/100 | train_loss: 0.2840 | val_loss: 0.2848 | val_dice: 0.8621
Epoch 12/100 | train_loss: 0.2715 | val_loss: 0.2632 | val_dice: 0.8780
New best! Saved (val_dice: 0.8780)
Epoch 13/100 | train_loss: 0.2589 | val_loss: 0.2557 | val_dice: 0.8731
Epoch 14/100 | train_loss: 0.2464 | val_loss: 0.2416 | val_dice: 0.8794
New best! Saved (val_dice: 0.8794)
Epoch 15/100 | train_loss: 0.2347 | val_loss: 0.2318 | val_dice: 0.8791
Epoch 16/100 | train_loss: 0.2242 | val_loss: 0.2179 | val_dice: 0.8778
Epoch 17/100 | train_loss: 0.2147 | val_loss: 0.2128 | val_dice: 0.8797
New best! Saved (val_dice: 0.8797)
Epoch 18/100 | train_loss: 0.2058 | val_loss: 0.2013 | val_dice: 0.8827
New best! Saved (val_dice: 0.8827)
Epoch 19/100 | train_loss: 0.1962 | val_loss: 0.1943 | val_dice: 0.8771
Epoch 20/100 | train_loss: 0.1893 | val_loss: 0.1883 | val_dice: 0.8820
Epoch 21/100 | train_loss: 0.1827 | val_loss: 0.1819 | val_dice: 0.8785
Epoch 22/100 | train_loss: 0.1746 | val_loss: 0.1741 | val_dice: 0.8834
New best! Saved (val_dice: 0.8834)
Epoch 23/100 | train_loss: 0.1699 | val_loss: 0.1647 | val_dice: 0.8872
New best! Saved (val_dice: 0.8872)
Epoch 24/100 | train_loss: 0.1646 | val_loss: 0.1598 | val_dice: 0.8853
Epoch 25/100 | train_loss: 0.1583 | val_loss: 0.1572 | val_dice: 0.8852
Epoch 26/100 | train_loss: 0.1541 | val_loss: 0.1551 | val_dice: 0.8838
Epoch 27/100 | train_loss: 0.1493 | val_loss: 0.1568 | val_dice: 0.8713
Epoch 28/100 | train_loss: 0.1458 | val_loss: 0.1472 | val_dice: 0.8801
Epoch 29/100 | train_loss: 0.1440 | val_loss: 0.1382 | val_dice: 0.8880
New best! Saved (val_dice: 0.8880)
Epoch 30/100 | train_loss: 0.1394 | val_loss: 0.1421 | val_dice: 0.8791
Epoch 31/100 | train_loss: 0.1355 | val_loss: 0.1373 | val_dice: 0.8808
Epoch 32/100 | train_loss: 0.1328 | val_loss: 0.1344 | val_dice: 0.8825
Epoch 33/100 | train_loss: 0.1298 | val_loss: 0.1287 | val_dice: 0.8872
Epoch 34/100 | train_loss: 0.1271 | val_loss: 0.1275 | val_dice: 0.8851
Epoch 35/100 | train_loss: 0.1247 | val_loss: 0.1267 | val_dice: 0.8838
Epoch 36/100 | train_loss: 0.1218 | val_loss: 0.1240 | val_dice: 0.8841
Epoch 37/100 | train_loss: 0.1213 | val_loss: 0.1218 | val_dice: 0.8855
Epoch 38/100 | train_loss: 0.1188 | val_loss: 0.1211 | val_dice: 0.8854
Epoch 39/100 | train_loss: 0.1167 | val_loss: 0.1247 | val_dice: 0.8785
Early stopping at epoch 39
Saved training curve to /users/egottfri/code/octa-segmentation/results/octa500_lv_ablation/unet/training_curve_fold3.png
Fold 3 best Dice: 0.8880

==================================================
FOLD 4/5
==================================================
Epoch 1/100 | train_loss: 0.5686 | val_loss: 0.4827 | val_dice: 0.8226
New best! Saved (val_dice: 0.8226)
Epoch 2/100 | train_loss: 0.4628 | val_loss: 0.4320 | val_dice: 0.8444
New best! Saved (val_dice: 0.8444)
Epoch 3/100 | train_loss: 0.4276 | val_loss: 0.4117 | val_dice: 0.8603
New best! Saved (val_dice: 0.8603)
Epoch 4/100 | train_loss: 0.4016 | val_loss: 0.3897 | val_dice: 0.8479
Epoch 5/100 | train_loss: 0.3793 | val_loss: 0.3646 | val_dice: 0.8611
New best! Saved (val_dice: 0.8611)
Epoch 6/100 | train_loss: 0.3581 | val_loss: 0.3478 | val_dice: 0.8601
Epoch 7/100 | train_loss: 0.3396 | val_loss: 0.3308 | val_dice: 0.8605
Epoch 8/100 | train_loss: 0.3219 | val_loss: 0.3046 | val_dice: 0.8777
New best! Saved (val_dice: 0.8777)
Epoch 9/100 | train_loss: 0.3052 | val_loss: 0.2935 | val_dice: 0.8711
Epoch 10/100 | train_loss: 0.2890 | val_loss: 0.2751 | val_dice: 0.8756
Epoch 11/100 | train_loss: 0.2741 | val_loss: 0.2625 | val_dice: 0.8815
New best! Saved (val_dice: 0.8815)
Epoch 12/100 | train_loss: 0.2608 | val_loss: 0.2468 | val_dice: 0.8835
New best! Saved (val_dice: 0.8835)
Epoch 13/100 | train_loss: 0.2462 | val_loss: 0.2278 | val_dice: 0.8874
New best! Saved (val_dice: 0.8874)
Epoch 14/100 | train_loss: 0.2346 | val_loss: 0.2241 | val_dice: 0.8846
Epoch 15/100 | train_loss: 0.2245 | val_loss: 0.2087 | val_dice: 0.8882
New best! Saved (val_dice: 0.8882)
Epoch 16/100 | train_loss: 0.2123 | val_loss: 0.2002 | val_dice: 0.8880
Epoch 17/100 | train_loss: 0.2036 | val_loss: 0.1924 | val_dice: 0.8887
New best! Saved (val_dice: 0.8887)
Epoch 18/100 | train_loss: 0.1949 | val_loss: 0.1845 | val_dice: 0.8891
New best! Saved (val_dice: 0.8891)
Epoch 19/100 | train_loss: 0.1859 | val_loss: 0.1809 | val_dice: 0.8816
Epoch 20/100 | train_loss: 0.1800 | val_loss: 0.1738 | val_dice: 0.8852
Epoch 21/100 | train_loss: 0.1739 | val_loss: 0.1664 | val_dice: 0.8845
Epoch 22/100 | train_loss: 0.1676 | val_loss: 0.1617 | val_dice: 0.8843
Epoch 23/100 | train_loss: 0.1608 | val_loss: 0.1536 | val_dice: 0.8864
Epoch 24/100 | train_loss: 0.1566 | val_loss: 0.1789 | val_dice: 0.8515
Epoch 25/100 | train_loss: 0.1505 | val_loss: 0.1487 | val_dice: 0.8835
Epoch 26/100 | train_loss: 0.1477 | val_loss: 0.1383 | val_dice: 0.8941
New best! Saved (val_dice: 0.8941)
Epoch 27/100 | train_loss: 0.1433 | val_loss: 0.1376 | val_dice: 0.8896
Epoch 28/100 | train_loss: 0.1392 | val_loss: 0.1354 | val_dice: 0.8875
Epoch 29/100 | train_loss: 0.1361 | val_loss: 0.1359 | val_dice: 0.8818
Epoch 30/100 | train_loss: 0.1323 | val_loss: 0.1271 | val_dice: 0.8906
Epoch 31/100 | train_loss: 0.1316 | val_loss: 0.1254 | val_dice: 0.8889
Epoch 32/100 | train_loss: 0.1291 | val_loss: 0.1254 | val_dice: 0.8864
Epoch 33/100 | train_loss: 0.1258 | val_loss: 0.1259 | val_dice: 0.8825
Epoch 34/100 | train_loss: 0.1247 | val_loss: 0.1175 | val_dice: 0.8930
Epoch 35/100 | train_loss: 0.1217 | val_loss: 0.1192 | val_dice: 0.8880
Epoch 36/100 | train_loss: 0.1196 | val_loss: 0.1217 | val_dice: 0.8835
Early stopping at epoch 36
Saved training curve to /users/egottfri/code/octa-segmentation/results/octa500_lv_ablation/unet/training_curve_fold4.png
Fold 4 best Dice: 0.8941

==================================================
FOLD 5/5
==================================================
Epoch 1/100 | train_loss: 0.6108 | val_loss: 0.5238 | val_dice: 0.8014
New best! Saved (val_dice: 0.8014)
Epoch 2/100 | train_loss: 0.5041 | val_loss: 0.4812 | val_dice: 0.8226
New best! Saved (val_dice: 0.8226)
Epoch 3/100 | train_loss: 0.4672 | val_loss: 0.4557 | val_dice: 0.8244
New best! Saved (val_dice: 0.8244)
Epoch 4/100 | train_loss: 0.4436 | val_loss: 0.4329 | val_dice: 0.8302
New best! Saved (val_dice: 0.8302)
Epoch 5/100 | train_loss: 0.4238 | val_loss: 0.4108 | val_dice: 0.8428
New best! Saved (val_dice: 0.8428)
Epoch 6/100 | train_loss: 0.4041 | val_loss: 0.3918 | val_dice: 0.8638
New best! Saved (val_dice: 0.8638)
Epoch 7/100 | train_loss: 0.3872 | val_loss: 0.3743 | val_dice: 0.8600
Epoch 8/100 | train_loss: 0.3695 | val_loss: 0.3615 | val_dice: 0.8611
Epoch 9/100 | train_loss: 0.3526 | val_loss: 0.3457 | val_dice: 0.8576
Epoch 10/100 | train_loss: 0.3382 | val_loss: 0.3238 | val_dice: 0.8796
New best! Saved (val_dice: 0.8796)
Epoch 11/100 | train_loss: 0.3228 | val_loss: 0.3178 | val_dice: 0.8721
Epoch 12/100 | train_loss: 0.3075 | val_loss: 0.3032 | val_dice: 0.8751
Epoch 13/100 | train_loss: 0.2932 | val_loss: 0.2924 | val_dice: 0.8572
Epoch 14/100 | train_loss: 0.2811 | val_loss: 0.2741 | val_dice: 0.8796
New best! Saved (val_dice: 0.8796)
Epoch 15/100 | train_loss: 0.2680 | val_loss: 0.2609 | val_dice: 0.8790
Epoch 16/100 | train_loss: 0.2559 | val_loss: 0.2591 | val_dice: 0.8726
Epoch 17/100 | train_loss: 0.2467 | val_loss: 0.2412 | val_dice: 0.8824
New best! Saved (val_dice: 0.8824)
Epoch 18/100 | train_loss: 0.2350 | val_loss: 0.2299 | val_dice: 0.8773
Epoch 19/100 | train_loss: 0.2259 | val_loss: 0.2165 | val_dice: 0.8790
Epoch 20/100 | train_loss: 0.2162 | val_loss: 0.2191 | val_dice: 0.8705
Epoch 21/100 | train_loss: 0.2085 | val_loss: 0.2024 | val_dice: 0.8818
Epoch 22/100 | train_loss: 0.1995 | val_loss: 0.2001 | val_dice: 0.8750
Epoch 23/100 | train_loss: 0.1926 | val_loss: 0.1876 | val_dice: 0.8862
New best! Saved (val_dice: 0.8862)
Epoch 24/100 | train_loss: 0.1844 | val_loss: 0.1855 | val_dice: 0.8797
Epoch 25/100 | train_loss: 0.1786 | val_loss: 0.1926 | val_dice: 0.8566
Epoch 26/100 | train_loss: 0.1731 | val_loss: 0.1714 | val_dice: 0.8854
Epoch 27/100 | train_loss: 0.1675 | val_loss: 0.1681 | val_dice: 0.8779
Epoch 28/100 | train_loss: 0.1632 | val_loss: 0.1601 | val_dice: 0.8814
Epoch 29/100 | train_loss: 0.1580 | val_loss: 0.1537 | val_dice: 0.8861
Epoch 30/100 | train_loss: 0.1533 | val_loss: 0.1558 | val_dice: 0.8785
Epoch 31/100 | train_loss: 0.1497 | val_loss: 0.1508 | val_dice: 0.8790
Epoch 32/100 | train_loss: 0.1449 | val_loss: 0.1439 | val_dice: 0.8854
Epoch 33/100 | train_loss: 0.1428 | val_loss: 0.1441 | val_dice: 0.8775
Early stopping at epoch 33
Saved training curve to /users/egottfri/code/octa-segmentation/results/octa500_lv_ablation/unet/training_curve_fold5.png
Fold 5 best Dice: 0.8862

==================================================
K-FOLD RESULTS: 0.8888 ± 0.0028
Individual folds: ['0.8874', '0.8883', '0.8880', '0.8941', '0.8862']
==================================================
[train] attention_unet

==================================================
FOLD 1/5
==================================================
Epoch 1/100 | train_loss: 0.5277 | val_loss: 0.4411 | val_dice: 0.8149
New best! Saved (val_dice: 0.8149)
Epoch 2/100 | train_loss: 0.4128 | val_loss: 0.3988 | val_dice: 0.8184
New best! Saved (val_dice: 0.8184)
Epoch 3/100 | train_loss: 0.3785 | val_loss: 0.3697 | val_dice: 0.8642
New best! Saved (val_dice: 0.8642)
Epoch 4/100 | train_loss: 0.3556 | val_loss: 0.3506 | val_dice: 0.8415
Epoch 5/100 | train_loss: 0.3358 | val_loss: 0.3257 | val_dice: 0.8627
Epoch 6/100 | train_loss: 0.3182 | val_loss: 0.3145 | val_dice: 0.8667
New best! Saved (val_dice: 0.8667)
Epoch 7/100 | train_loss: 0.3013 | val_loss: 0.2962 | val_dice: 0.8737
New best! Saved (val_dice: 0.8737)
Epoch 8/100 | train_loss: 0.2859 | val_loss: 0.2831 | val_dice: 0.8704
Epoch 9/100 | train_loss: 0.2731 | val_loss: 0.2711 | val_dice: 0.8643
Epoch 10/100 | train_loss: 0.2578 | val_loss: 0.2567 | val_dice: 0.8672
Epoch 11/100 | train_loss: 0.2444 | val_loss: 0.2437 | val_dice: 0.8653
Epoch 12/100 | train_loss: 0.2324 | val_loss: 0.2288 | val_dice: 0.8785
New best! Saved (val_dice: 0.8785)
Epoch 13/100 | train_loss: 0.2224 | val_loss: 0.2162 | val_dice: 0.8843
New best! Saved (val_dice: 0.8843)
Epoch 14/100 | train_loss: 0.2129 | val_loss: 0.2121 | val_dice: 0.8786
Epoch 15/100 | train_loss: 0.2027 | val_loss: 0.1978 | val_dice: 0.8810
Epoch 16/100 | train_loss: 0.1945 | val_loss: 0.2016 | val_dice: 0.8624
Epoch 17/100 | train_loss: 0.1868 | val_loss: 0.1893 | val_dice: 0.8687
Epoch 18/100 | train_loss: 0.1795 | val_loss: 0.1803 | val_dice: 0.8774
Epoch 19/100 | train_loss: 0.1716 | val_loss: 0.1693 | val_dice: 0.8836
Epoch 20/100 | train_loss: 0.1658 | val_loss: 0.1656 | val_dice: 0.8806
Epoch 21/100 | train_loss: 0.1615 | val_loss: 0.1637 | val_dice: 0.8772
Epoch 22/100 | train_loss: 0.1565 | val_loss: 0.1638 | val_dice: 0.8721
Epoch 23/100 | train_loss: 0.1508 | val_loss: 0.1487 | val_dice: 0.8850
New best! Saved (val_dice: 0.8850)
Epoch 24/100 | train_loss: 0.1455 | val_loss: 0.1456 | val_dice: 0.8830
Epoch 25/100 | train_loss: 0.1420 | val_loss: 0.1420 | val_dice: 0.8860
New best! Saved (val_dice: 0.8860)
Epoch 26/100 | train_loss: 0.1376 | val_loss: 0.1390 | val_dice: 0.8833
Epoch 27/100 | train_loss: 0.1351 | val_loss: 0.1365 | val_dice: 0.8828
Epoch 28/100 | train_loss: 0.1332 | val_loss: 0.1320 | val_dice: 0.8857
Epoch 29/100 | train_loss: 0.1293 | val_loss: 0.1329 | val_dice: 0.8810
Epoch 30/100 | train_loss: 0.1269 | val_loss: 0.1310 | val_dice: 0.8808
Epoch 31/100 | train_loss: 0.1236 | val_loss: 0.1277 | val_dice: 0.8827
Epoch 32/100 | train_loss: 0.1213 | val_loss: 0.1224 | val_dice: 0.8856
Epoch 33/100 | train_loss: 0.1206 | val_loss: 0.1235 | val_dice: 0.8823
Epoch 34/100 | train_loss: 0.1192 | val_loss: 0.1239 | val_dice: 0.8814
Epoch 35/100 | train_loss: 0.1165 | val_loss: 0.1208 | val_dice: 0.8838
Early stopping at epoch 35
Saved training curve to /users/egottfri/code/octa-segmentation/results/octa500_lv_ablation/attention_unet/training_curve_fold1.png
Fold 1 best Dice: 0.8860

==================================================
FOLD 2/5
==================================================
Epoch 1/100 | train_loss: 0.5243 | val_loss: 0.4424 | val_dice: 0.8138
New best! Saved (val_dice: 0.8138)
Epoch 2/100 | train_loss: 0.4175 | val_loss: 0.3944 | val_dice: 0.8321
New best! Saved (val_dice: 0.8321)
Epoch 3/100 | train_loss: 0.3808 | val_loss: 0.3612 | val_dice: 0.8603
New best! Saved (val_dice: 0.8603)
Epoch 4/100 | train_loss: 0.3545 | val_loss: 0.3389 | val_dice: 0.8713
New best! Saved (val_dice: 0.8713)
Epoch 5/100 | train_loss: 0.3321 | val_loss: 0.3204 | val_dice: 0.8645
Epoch 6/100 | train_loss: 0.3118 | val_loss: 0.2976 | val_dice: 0.8710
Epoch 7/100 | train_loss: 0.2943 | val_loss: 0.2828 | val_dice: 0.8759
New best! Saved (val_dice: 0.8759)
Epoch 8/100 | train_loss: 0.2758 | val_loss: 0.2664 | val_dice: 0.8727
Epoch 9/100 | train_loss: 0.2591 | val_loss: 0.2549 | val_dice: 0.8754
Epoch 10/100 | train_loss: 0.2446 | val_loss: 0.2380 | val_dice: 0.8813
New best! Saved (val_dice: 0.8813)
Epoch 11/100 | train_loss: 0.2319 | val_loss: 0.2247 | val_dice: 0.8847
New best! Saved (val_dice: 0.8847)
Epoch 12/100 | train_loss: 0.2199 | val_loss: 0.2124 | val_dice: 0.8844
Epoch 13/100 | train_loss: 0.2093 | val_loss: 0.2026 | val_dice: 0.8807
Epoch 14/100 | train_loss: 0.1975 | val_loss: 0.1979 | val_dice: 0.8750
Epoch 15/100 | train_loss: 0.1877 | val_loss: 0.1844 | val_dice: 0.8843
Epoch 16/100 | train_loss: 0.1801 | val_loss: 0.1797 | val_dice: 0.8823
Epoch 17/100 | train_loss: 0.1721 | val_loss: 0.1752 | val_dice: 0.8751
Epoch 18/100 | train_loss: 0.1660 | val_loss: 0.1631 | val_dice: 0.8823
Epoch 19/100 | train_loss: 0.1589 | val_loss: 0.1597 | val_dice: 0.8796
Epoch 20/100 | train_loss: 0.1554 | val_loss: 0.1554 | val_dice: 0.8807
Epoch 21/100 | train_loss: 0.1492 | val_loss: 0.1499 | val_dice: 0.8809
Early stopping at epoch 21
Saved training curve to /users/egottfri/code/octa-segmentation/results/octa500_lv_ablation/attention_unet/training_curve_fold2.png
Fold 2 best Dice: 0.8847

==================================================
FOLD 3/5
==================================================
Epoch 1/100 | train_loss: 0.5672 | val_loss: 0.4855 | val_dice: 0.7973
New best! Saved (val_dice: 0.7973)
Epoch 2/100 | train_loss: 0.4649 | val_loss: 0.4356 | val_dice: 0.8466
New best! Saved (val_dice: 0.8466)
Epoch 3/100 | train_loss: 0.4339 | val_loss: 0.4201 | val_dice: 0.8376
Epoch 4/100 | train_loss: 0.4103 | val_loss: 0.3956 | val_dice: 0.8547
New best! Saved (val_dice: 0.8547)
Epoch 5/100 | train_loss: 0.3904 | val_loss: 0.3763 | val_dice: 0.8710
New best! Saved (val_dice: 0.8710)
Epoch 6/100 | train_loss: 0.3713 | val_loss: 0.3626 | val_dice: 0.8706
Epoch 7/100 | train_loss: 0.3543 | val_loss: 0.3471 | val_dice: 0.8774
New best! Saved (val_dice: 0.8774)
Epoch 8/100 | train_loss: 0.3366 | val_loss: 0.3297 | val_dice: 0.8732
Epoch 9/100 | train_loss: 0.3207 | val_loss: 0.3166 | val_dice: 0.8695
Epoch 10/100 | train_loss: 0.3053 | val_loss: 0.2998 | val_dice: 0.8717
Epoch 11/100 | train_loss: 0.2909 | val_loss: 0.2809 | val_dice: 0.8760
Epoch 12/100 | train_loss: 0.2777 | val_loss: 0.2711 | val_dice: 0.8759
Epoch 13/100 | train_loss: 0.2645 | val_loss: 0.2567 | val_dice: 0.8831
New best! Saved (val_dice: 0.8831)
Epoch 14/100 | train_loss: 0.2512 | val_loss: 0.2464 | val_dice: 0.8781
Epoch 15/100 | train_loss: 0.2411 | val_loss: 0.2352 | val_dice: 0.8774
Epoch 16/100 | train_loss: 0.2300 | val_loss: 0.2262 | val_dice: 0.8788
Epoch 17/100 | train_loss: 0.2205 | val_loss: 0.2204 | val_dice: 0.8758
Epoch 18/100 | train_loss: 0.2105 | val_loss: 0.2082 | val_dice: 0.8795
Epoch 19/100 | train_loss: 0.2014 | val_loss: 0.1938 | val_dice: 0.8870
New best! Saved (val_dice: 0.8870)
Epoch 20/100 | train_loss: 0.1932 | val_loss: 0.1936 | val_dice: 0.8787
Epoch 21/100 | train_loss: 0.1867 | val_loss: 0.1902 | val_dice: 0.8736
Epoch 22/100 | train_loss: 0.1779 | val_loss: 0.1767 | val_dice: 0.8826
Epoch 23/100 | train_loss: 0.1720 | val_loss: 0.1684 | val_dice: 0.8863
Epoch 24/100 | train_loss: 0.1657 | val_loss: 0.1631 | val_dice: 0.8838
Epoch 25/100 | train_loss: 0.1614 | val_loss: 0.1576 | val_dice: 0.8866
Epoch 26/100 | train_loss: 0.1555 | val_loss: 0.1555 | val_dice: 0.8827
Epoch 27/100 | train_loss: 0.1531 | val_loss: 0.1515 | val_dice: 0.8826
Epoch 28/100 | train_loss: 0.1477 | val_loss: 0.1494 | val_dice: 0.8812
Epoch 29/100 | train_loss: 0.1439 | val_loss: 0.1417 | val_dice: 0.8890
New best! Saved (val_dice: 0.8890)
Epoch 30/100 | train_loss: 0.1406 | val_loss: 0.1408 | val_dice: 0.8835
Epoch 31/100 | train_loss: 0.1361 | val_loss: 0.1365 | val_dice: 0.8839
Epoch 32/100 | train_loss: 0.1338 | val_loss: 0.1370 | val_dice: 0.8802
Epoch 33/100 | train_loss: 0.1305 | val_loss: 0.1305 | val_dice: 0.8868
Epoch 34/100 | train_loss: 0.1291 | val_loss: 0.1338 | val_dice: 0.8786
Epoch 35/100 | train_loss: 0.1255 | val_loss: 0.1279 | val_dice: 0.8830
Epoch 36/100 | train_loss: 0.1236 | val_loss: 0.1252 | val_dice: 0.8834
Epoch 37/100 | train_loss: 0.1218 | val_loss: 0.1210 | val_dice: 0.8884
Epoch 38/100 | train_loss: 0.1200 | val_loss: 0.1244 | val_dice: 0.8811
Epoch 39/100 | train_loss: 0.1179 | val_loss: 0.1208 | val_dice: 0.8840
Early stopping at epoch 39
Saved training curve to /users/egottfri/code/octa-segmentation/results/octa500_lv_ablation/attention_unet/training_curve_fold3.png
Fold 3 best Dice: 0.8890

==================================================
FOLD 4/5
==================================================
Epoch 1/100 | train_loss: 0.5621 | val_loss: 0.4510 | val_dice: 0.8174
New best! Saved (val_dice: 0.8174)
Epoch 2/100 | train_loss: 0.4456 | val_loss: 0.4132 | val_dice: 0.8249
New best! Saved (val_dice: 0.8249)
Epoch 3/100 | train_loss: 0.4084 | val_loss: 0.3889 | val_dice: 0.8537
New best! Saved (val_dice: 0.8537)
Epoch 4/100 | train_loss: 0.3842 | val_loss: 0.3630 | val_dice: 0.8650
New best! Saved (val_dice: 0.8650)
Epoch 5/100 | train_loss: 0.3622 | val_loss: 0.3427 | val_dice: 0.8753
New best! Saved (val_dice: 0.8753)
Epoch 6/100 | train_loss: 0.3441 | val_loss: 0.3318 | val_dice: 0.8467
Epoch 7/100 | train_loss: 0.3250 | val_loss: 0.3110 | val_dice: 0.8727
Epoch 8/100 | train_loss: 0.3075 | val_loss: 0.2897 | val_dice: 0.8799
New best! Saved (val_dice: 0.8799)
Epoch 9/100 | train_loss: 0.2905 | val_loss: 0.2747 | val_dice: 0.8799
New best! Saved (val_dice: 0.8799)
Epoch 10/100 | train_loss: 0.2752 | val_loss: 0.2644 | val_dice: 0.8794
Epoch 11/100 | train_loss: 0.2610 | val_loss: 0.2481 | val_dice: 0.8869
New best! Saved (val_dice: 0.8869)
Epoch 12/100 | train_loss: 0.2489 | val_loss: 0.2389 | val_dice: 0.8743
Epoch 13/100 | train_loss: 0.2372 | val_loss: 0.2279 | val_dice: 0.8772
Epoch 14/100 | train_loss: 0.2240 | val_loss: 0.2062 | val_dice: 0.8870
New best! Saved (val_dice: 0.8870)
Epoch 15/100 | train_loss: 0.2130 | val_loss: 0.2120 | val_dice: 0.8704
Epoch 16/100 | train_loss: 0.2032 | val_loss: 0.1971 | val_dice: 0.8787
Epoch 17/100 | train_loss: 0.1948 | val_loss: 0.1857 | val_dice: 0.8877
New best! Saved (val_dice: 0.8877)
Epoch 18/100 | train_loss: 0.1874 | val_loss: 0.1789 | val_dice: 0.8825
Epoch 19/100 | train_loss: 0.1790 | val_loss: 0.1707 | val_dice: 0.8890
New best! Saved (val_dice: 0.8890)
Epoch 20/100 | train_loss: 0.1720 | val_loss: 0.1612 | val_dice: 0.8912
New best! Saved (val_dice: 0.8912)
Epoch 21/100 | train_loss: 0.1662 | val_loss: 0.1582 | val_dice: 0.8872
Epoch 22/100 | train_loss: 0.1603 | val_loss: 0.1529 | val_dice: 0.8920
New best! Saved (val_dice: 0.8920)
Epoch 23/100 | train_loss: 0.1544 | val_loss: 0.1451 | val_dice: 0.8921
New best! Saved (val_dice: 0.8921)
Epoch 24/100 | train_loss: 0.1503 | val_loss: 0.1416 | val_dice: 0.8911
Epoch 25/100 | train_loss: 0.1459 | val_loss: 0.1423 | val_dice: 0.8862
Epoch 26/100 | train_loss: 0.1424 | val_loss: 0.1409 | val_dice: 0.8812
Epoch 27/100 | train_loss: 0.1387 | val_loss: 0.1301 | val_dice: 0.8937
New best! Saved (val_dice: 0.8937)
Epoch 28/100 | train_loss: 0.1342 | val_loss: 0.1298 | val_dice: 0.8901
Epoch 29/100 | train_loss: 0.1311 | val_loss: 0.1273 | val_dice: 0.8888
Epoch 30/100 | train_loss: 0.1280 | val_loss: 0.1271 | val_dice: 0.8846
Epoch 31/100 | train_loss: 0.1267 | val_loss: 0.1225 | val_dice: 0.8890
Epoch 32/100 | train_loss: 0.1241 | val_loss: 0.1187 | val_dice: 0.8915
Epoch 33/100 | train_loss: 0.1219 | val_loss: 0.1194 | val_dice: 0.8908
Epoch 34/100 | train_loss: 0.1200 | val_loss: 0.1182 | val_dice: 0.8880
Epoch 35/100 | train_loss: 0.1171 | val_loss: 0.1228 | val_dice: 0.8778
Epoch 36/100 | train_loss: 0.1167 | val_loss: 0.1145 | val_dice: 0.8880
Epoch 37/100 | train_loss: 0.1141 | val_loss: 0.1098 | val_dice: 0.8927
Early stopping at epoch 37
Saved training curve to /users/egottfri/code/octa-segmentation/results/octa500_lv_ablation/attention_unet/training_curve_fold4.png
Fold 4 best Dice: 0.8937

==================================================
FOLD 5/5
==================================================
Epoch 1/100 | train_loss: 0.6620 | val_loss: 0.5679 | val_dice: 0.7397
New best! Saved (val_dice: 0.7397)
Epoch 2/100 | train_loss: 0.5443 | val_loss: 0.5257 | val_dice: 0.7986
New best! Saved (val_dice: 0.7986)
Epoch 3/100 | train_loss: 0.5113 | val_loss: 0.4939 | val_dice: 0.8400
New best! Saved (val_dice: 0.8400)
Epoch 4/100 | train_loss: 0.4903 | val_loss: 0.4782 | val_dice: 0.8420
New best! Saved (val_dice: 0.8420)
Epoch 5/100 | train_loss: 0.4708 | val_loss: 0.4609 | val_dice: 0.8561
New best! Saved (val_dice: 0.8561)
Epoch 6/100 | train_loss: 0.4547 | val_loss: 0.4460 | val_dice: 0.8597
New best! Saved (val_dice: 0.8597)
Epoch 7/100 | train_loss: 0.4381 | val_loss: 0.4249 | val_dice: 0.8628
New best! Saved (val_dice: 0.8628)
Epoch 8/100 | train_loss: 0.4220 | val_loss: 0.4187 | val_dice: 0.8441
Epoch 9/100 | train_loss: 0.4063 | val_loss: 0.3982 | val_dice: 0.8736
New best! Saved (val_dice: 0.8736)
Epoch 10/100 | train_loss: 0.3919 | val_loss: 0.3853 | val_dice: 0.8766
New best! Saved (val_dice: 0.8766)
Epoch 11/100 | train_loss: 0.3775 | val_loss: 0.3686 | val_dice: 0.8750
Epoch 12/100 | train_loss: 0.3635 | val_loss: 0.3580 | val_dice: 0.8672
Epoch 13/100 | train_loss: 0.3505 | val_loss: 0.3461 | val_dice: 0.8657
Epoch 14/100 | train_loss: 0.3359 | val_loss: 0.3322 | val_dice: 0.8711
Epoch 15/100 | train_loss: 0.3230 | val_loss: 0.3206 | val_dice: 0.8624
Epoch 16/100 | train_loss: 0.3116 | val_loss: 0.3079 | val_dice: 0.8693
Epoch 17/100 | train_loss: 0.2996 | val_loss: 0.3024 | val_dice: 0.8575
Epoch 18/100 | train_loss: 0.2871 | val_loss: 0.2821 | val_dice: 0.8790
New best! Saved (val_dice: 0.8790)
Epoch 19/100 | train_loss: 0.2761 | val_loss: 0.2780 | val_dice: 0.8734
Epoch 20/100 | train_loss: 0.2650 | val_loss: 0.2613 | val_dice: 0.8830
New best! Saved (val_dice: 0.8830)
Epoch 21/100 | train_loss: 0.2554 | val_loss: 0.2539 | val_dice: 0.8772
Epoch 22/100 | train_loss: 0.2450 | val_loss: 0.2429 | val_dice: 0.8772
Epoch 23/100 | train_loss: 0.2370 | val_loss: 0.2396 | val_dice: 0.8711
Epoch 24/100 | train_loss: 0.2280 | val_loss: 0.2222 | val_dice: 0.8861
New best! Saved (val_dice: 0.8861)
Epoch 25/100 | train_loss: 0.2199 | val_loss: 0.2139 | val_dice: 0.8827
Epoch 26/100 | train_loss: 0.2119 | val_loss: 0.2116 | val_dice: 0.8837
Epoch 27/100 | train_loss: 0.2047 | val_loss: 0.2010 | val_dice: 0.8813
Epoch 28/100 | train_loss: 0.1962 | val_loss: 0.1972 | val_dice: 0.8813
Epoch 29/100 | train_loss: 0.1906 | val_loss: 0.1912 | val_dice: 0.8775
Epoch 30/100 | train_loss: 0.1840 | val_loss: 0.1817 | val_dice: 0.8845
Epoch 31/100 | train_loss: 0.1777 | val_loss: 0.1762 | val_dice: 0.8853
Epoch 32/100 | train_loss: 0.1739 | val_loss: 0.1697 | val_dice: 0.8889
New best! Saved (val_dice: 0.8889)
Epoch 33/100 | train_loss: 0.1686 | val_loss: 0.1647 | val_dice: 0.8880
Epoch 34/100 | train_loss: 0.1636 | val_loss: 0.1612 | val_dice: 0.8874
Epoch 35/100 | train_loss: 0.1590 | val_loss: 0.1619 | val_dice: 0.8772
Epoch 36/100 | train_loss: 0.1558 | val_loss: 0.1562 | val_dice: 0.8853
Epoch 37/100 | train_loss: 0.1514 | val_loss: 0.1499 | val_dice: 0.8872
Epoch 38/100 | train_loss: 0.1471 | val_loss: 0.1478 | val_dice: 0.8855
Epoch 39/100 | train_loss: 0.1442 | val_loss: 0.1427 | val_dice: 0.8891
New best! Saved (val_dice: 0.8891)
Epoch 40/100 | train_loss: 0.1402 | val_loss: 0.1424 | val_dice: 0.8845
Epoch 41/100 | train_loss: 0.1386 | val_loss: 0.1375 | val_dice: 0.8881
Epoch 42/100 | train_loss: 0.1354 | val_loss: 0.1362 | val_dice: 0.8863
Epoch 43/100 | train_loss: 0.1343 | val_loss: 0.1314 | val_dice: 0.8907
New best! Saved (val_dice: 0.8907)
Epoch 44/100 | train_loss: 0.1306 | val_loss: 0.1299 | val_dice: 0.8883
Epoch 45/100 | train_loss: 0.1291 | val_loss: 0.1301 | val_dice: 0.8865
Epoch 46/100 | train_loss: 0.1280 | val_loss: 0.1303 | val_dice: 0.8839
Epoch 47/100 | train_loss: 0.1241 | val_loss: 0.1281 | val_dice: 0.8836
Epoch 48/100 | train_loss: 0.1215 | val_loss: 0.1214 | val_dice: 0.8905
Epoch 49/100 | train_loss: 0.1209 | val_loss: 0.1247 | val_dice: 0.8832
Epoch 50/100 | train_loss: 0.1185 | val_loss: 0.1214 | val_dice: 0.8864
Epoch 51/100 | train_loss: 0.1166 | val_loss: 0.1169 | val_dice: 0.8887
Epoch 52/100 | train_loss: 0.1148 | val_loss: 0.1190 | val_dice: 0.8851
Epoch 53/100 | train_loss: 0.1151 | val_loss: 0.1184 | val_dice: 0.8846
Early stopping at epoch 53
Saved training curve to /users/egottfri/code/octa-segmentation/results/octa500_lv_ablation/attention_unet/training_curve_fold5.png
Fold 5 best Dice: 0.8907

==================================================
K-FOLD RESULTS: 0.8888 ± 0.0032
Individual folds: ['0.8860', '0.8847', '0.8890', '0.8937', '0.8907']
==================================================
[train] res_unet

==================================================
FOLD 1/5
==================================================
Epoch 1/100 | train_loss: 0.3994 | val_loss: 0.2344 | val_dice: 0.7427
New best! Saved (val_dice: 0.7427)
Epoch 2/100 | train_loss: 0.1395 | val_loss: 0.1223 | val_dice: 0.8600
New best! Saved (val_dice: 0.8600)
Epoch 3/100 | train_loss: 0.1178 | val_loss: 0.1219 | val_dice: 0.8587
Epoch 4/100 | train_loss: 0.1137 | val_loss: 0.1073 | val_dice: 0.8739
New best! Saved (val_dice: 0.8739)
Epoch 5/100 | train_loss: 0.1094 | val_loss: 0.1116 | val_dice: 0.8683
Epoch 6/100 | train_loss: 0.1072 | val_loss: 0.1049 | val_dice: 0.8764
New best! Saved (val_dice: 0.8764)
Epoch 7/100 | train_loss: 0.1059 | val_loss: 0.1121 | val_dice: 0.8684
Epoch 8/100 | train_loss: 0.1028 | val_loss: 0.1011 | val_dice: 0.8806
New best! Saved (val_dice: 0.8806)
Epoch 9/100 | train_loss: 0.1034 | val_loss: 0.1070 | val_dice: 0.8730
Epoch 10/100 | train_loss: 0.1044 | val_loss: 0.1012 | val_dice: 0.8806
Epoch 11/100 | train_loss: 0.1031 | val_loss: 0.1011 | val_dice: 0.8807
New best! Saved (val_dice: 0.8807)
Epoch 12/100 | train_loss: 0.1022 | val_loss: 0.0989 | val_dice: 0.8834
New best! Saved (val_dice: 0.8834)
Epoch 13/100 | train_loss: 0.1004 | val_loss: 0.1052 | val_dice: 0.8737
Epoch 14/100 | train_loss: 0.0995 | val_loss: 0.1051 | val_dice: 0.8758
Epoch 15/100 | train_loss: 0.1012 | val_loss: 0.0973 | val_dice: 0.8853
New best! Saved (val_dice: 0.8853)
Epoch 16/100 | train_loss: 0.0999 | val_loss: 0.1052 | val_dice: 0.8760
Epoch 17/100 | train_loss: 0.0987 | val_loss: 0.1040 | val_dice: 0.8748
Epoch 18/100 | train_loss: 0.0981 | val_loss: 0.0975 | val_dice: 0.8844
Epoch 19/100 | train_loss: 0.0971 | val_loss: 0.1008 | val_dice: 0.8810
Epoch 20/100 | train_loss: 0.0975 | val_loss: 0.1050 | val_dice: 0.8737
Epoch 21/100 | train_loss: 0.0963 | val_loss: 0.1020 | val_dice: 0.8802
Epoch 22/100 | train_loss: 0.0975 | val_loss: 0.1002 | val_dice: 0.8803
Epoch 23/100 | train_loss: 0.0961 | val_loss: 0.0981 | val_dice: 0.8845
Epoch 24/100 | train_loss: 0.0957 | val_loss: 0.0968 | val_dice: 0.8855
New best! Saved (val_dice: 0.8855)
Epoch 25/100 | train_loss: 0.0961 | val_loss: 0.1003 | val_dice: 0.8803
Epoch 26/100 | train_loss: 0.0956 | val_loss: 0.1083 | val_dice: 0.8731
Epoch 27/100 | train_loss: 0.0939 | val_loss: 0.0954 | val_dice: 0.8870
New best! Saved (val_dice: 0.8870)
Epoch 28/100 | train_loss: 0.0957 | val_loss: 0.0992 | val_dice: 0.8810
Epoch 29/100 | train_loss: 0.0949 | val_loss: 0.1016 | val_dice: 0.8803
Epoch 30/100 | train_loss: 0.0945 | val_loss: 0.0994 | val_dice: 0.8811
Epoch 31/100 | train_loss: 0.0950 | val_loss: 0.1088 | val_dice: 0.8676
Epoch 32/100 | train_loss: 0.0944 | val_loss: 0.1061 | val_dice: 0.8750
Epoch 33/100 | train_loss: 0.0934 | val_loss: 0.0992 | val_dice: 0.8811
Epoch 34/100 | train_loss: 0.0929 | val_loss: 0.0975 | val_dice: 0.8837
Epoch 35/100 | train_loss: 0.0931 | val_loss: 0.0961 | val_dice: 0.8860
Epoch 36/100 | train_loss: 0.0924 | val_loss: 0.1067 | val_dice: 0.8707
Epoch 37/100 | train_loss: 0.0920 | val_loss: 0.1011 | val_dice: 0.8781
Early stopping at epoch 37
Saved training curve to /users/egottfri/code/octa-segmentation/results/octa500_lv_ablation/res_unet/training_curve_fold1.png
Fold 1 best Dice: 0.8870

==================================================
FOLD 2/5
==================================================
Epoch 1/100 | train_loss: 0.4157 | val_loss: 0.2980 | val_dice: 0.5911
New best! Saved (val_dice: 0.5911)
Epoch 2/100 | train_loss: 0.1432 | val_loss: 0.1299 | val_dice: 0.8469
New best! Saved (val_dice: 0.8469)
Epoch 3/100 | train_loss: 0.1204 | val_loss: 0.1399 | val_dice: 0.8379
Epoch 4/100 | train_loss: 0.1154 | val_loss: 0.1124 | val_dice: 0.8673
New best! Saved (val_dice: 0.8673)
Epoch 5/100 | train_loss: 0.1113 | val_loss: 0.1102 | val_dice: 0.8690
New best! Saved (val_dice: 0.8690)
Epoch 6/100 | train_loss: 0.1103 | val_loss: 0.1117 | val_dice: 0.8681
Epoch 7/100 | train_loss: 0.1074 | val_loss: 0.1045 | val_dice: 0.8765
New best! Saved (val_dice: 0.8765)
Epoch 8/100 | train_loss: 0.1061 | val_loss: 0.1270 | val_dice: 0.8517
Epoch 9/100 | train_loss: 0.1042 | val_loss: 0.1021 | val_dice: 0.8790
New best! Saved (val_dice: 0.8790)
Epoch 10/100 | train_loss: 0.1042 | val_loss: 0.1024 | val_dice: 0.8784
Epoch 11/100 | train_loss: 0.1022 | val_loss: 0.1032 | val_dice: 0.8774
Epoch 12/100 | train_loss: 0.1009 | val_loss: 0.0991 | val_dice: 0.8830
New best! Saved (val_dice: 0.8830)
Epoch 13/100 | train_loss: 0.1014 | val_loss: 0.1058 | val_dice: 0.8730
Epoch 14/100 | train_loss: 0.1006 | val_loss: 0.1011 | val_dice: 0.8797
Epoch 15/100 | train_loss: 0.1009 | val_loss: 0.1060 | val_dice: 0.8725
Epoch 16/100 | train_loss: 0.1001 | val_loss: 0.1044 | val_dice: 0.8756
Epoch 17/100 | train_loss: 0.0993 | val_loss: 0.0985 | val_dice: 0.8830
Epoch 18/100 | train_loss: 0.0993 | val_loss: 0.1061 | val_dice: 0.8726
Epoch 19/100 | train_loss: 0.0978 | val_loss: 0.0965 | val_dice: 0.8852
New best! Saved (val_dice: 0.8852)
Epoch 20/100 | train_loss: 0.0975 | val_loss: 0.1013 | val_dice: 0.8787
Epoch 21/100 | train_loss: 0.0972 | val_loss: 0.0966 | val_dice: 0.8853
New best! Saved (val_dice: 0.8853)
Epoch 22/100 | train_loss: 0.0978 | val_loss: 0.1030 | val_dice: 0.8779
Epoch 23/100 | train_loss: 0.0963 | val_loss: 0.1006 | val_dice: 0.8811
Epoch 24/100 | train_loss: 0.0960 | val_loss: 0.0943 | val_dice: 0.8885
New best! Saved (val_dice: 0.8885)
Epoch 25/100 | train_loss: 0.0973 | val_loss: 0.0997 | val_dice: 0.8807
Epoch 26/100 | train_loss: 0.0972 | val_loss: 0.1016 | val_dice: 0.8778
Epoch 27/100 | train_loss: 0.0955 | val_loss: 0.0987 | val_dice: 0.8832
Epoch 28/100 | train_loss: 0.0959 | val_loss: 0.0973 | val_dice: 0.8841
Epoch 29/100 | train_loss: 0.0957 | val_loss: 0.0966 | val_dice: 0.8850
Epoch 30/100 | train_loss: 0.0935 | val_loss: 0.0967 | val_dice: 0.8853
Epoch 31/100 | train_loss: 0.0944 | val_loss: 0.0985 | val_dice: 0.8821
Epoch 32/100 | train_loss: 0.0945 | val_loss: 0.1021 | val_dice: 0.8776
Epoch 33/100 | train_loss: 0.0943 | val_loss: 0.1041 | val_dice: 0.8747
Epoch 34/100 | train_loss: 0.0944 | val_loss: 0.0937 | val_dice: 0.8888
New best! Saved (val_dice: 0.8888)
Epoch 35/100 | train_loss: 0.0935 | val_loss: 0.0989 | val_dice: 0.8815
Epoch 36/100 | train_loss: 0.0924 | val_loss: 0.0969 | val_dice: 0.8851
Epoch 37/100 | train_loss: 0.0931 | val_loss: 0.1043 | val_dice: 0.8749
Epoch 38/100 | train_loss: 0.0921 | val_loss: 0.0956 | val_dice: 0.8864
Epoch 39/100 | train_loss: 0.0932 | val_loss: 0.0981 | val_dice: 0.8830
Epoch 40/100 | train_loss: 0.0910 | val_loss: 0.0972 | val_dice: 0.8836
Epoch 41/100 | train_loss: 0.0912 | val_loss: 0.0973 | val_dice: 0.8837
Epoch 42/100 | train_loss: 0.0903 | val_loss: 0.1012 | val_dice: 0.8778
Epoch 43/100 | train_loss: 0.0902 | val_loss: 0.0985 | val_dice: 0.8826
Epoch 44/100 | train_loss: 0.0901 | val_loss: 0.0972 | val_dice: 0.8840
Early stopping at epoch 44
Saved training curve to /users/egottfri/code/octa-segmentation/results/octa500_lv_ablation/res_unet/training_curve_fold2.png
Fold 2 best Dice: 0.8888

==================================================
FOLD 3/5
==================================================
Epoch 1/100 | train_loss: 0.3931 | val_loss: 0.2988 | val_dice: 0.5818
New best! Saved (val_dice: 0.5818)
Epoch 2/100 | train_loss: 0.1381 | val_loss: 0.1218 | val_dice: 0.8619
New best! Saved (val_dice: 0.8619)
Epoch 3/100 | train_loss: 0.1209 | val_loss: 0.1185 | val_dice: 0.8599
Epoch 4/100 | train_loss: 0.1131 | val_loss: 0.1094 | val_dice: 0.8708
New best! Saved (val_dice: 0.8708)
Epoch 5/100 | train_loss: 0.1109 | val_loss: 0.1070 | val_dice: 0.8743
New best! Saved (val_dice: 0.8743)
Epoch 6/100 | train_loss: 0.1091 | val_loss: 0.1080 | val_dice: 0.8721
Epoch 7/100 | train_loss: 0.1067 | val_loss: 0.1067 | val_dice: 0.8732
Epoch 8/100 | train_loss: 0.1055 | val_loss: 0.1111 | val_dice: 0.8663
Epoch 9/100 | train_loss: 0.1039 | val_loss: 0.1040 | val_dice: 0.8776
New best! Saved (val_dice: 0.8776)
Epoch 10/100 | train_loss: 0.1029 | val_loss: 0.1030 | val_dice: 0.8771
Epoch 11/100 | train_loss: 0.1006 | val_loss: 0.1016 | val_dice: 0.8795
New best! Saved (val_dice: 0.8795)
Epoch 12/100 | train_loss: 0.1022 | val_loss: 0.1022 | val_dice: 0.8784
Epoch 13/100 | train_loss: 0.1012 | val_loss: 0.1002 | val_dice: 0.8811
New best! Saved (val_dice: 0.8811)
Epoch 14/100 | train_loss: 0.1003 | val_loss: 0.1018 | val_dice: 0.8794
Epoch 15/100 | train_loss: 0.0999 | val_loss: 0.0978 | val_dice: 0.8843
New best! Saved (val_dice: 0.8843)
Epoch 16/100 | train_loss: 0.0995 | val_loss: 0.1006 | val_dice: 0.8805
Epoch 17/100 | train_loss: 0.0985 | val_loss: 0.1059 | val_dice: 0.8729
Epoch 18/100 | train_loss: 0.0980 | val_loss: 0.0981 | val_dice: 0.8831
Epoch 19/100 | train_loss: 0.0974 | val_loss: 0.1010 | val_dice: 0.8794
Epoch 20/100 | train_loss: 0.0979 | val_loss: 0.0984 | val_dice: 0.8828
Epoch 21/100 | train_loss: 0.0991 | val_loss: 0.1038 | val_dice: 0.8773
Epoch 22/100 | train_loss: 0.0974 | val_loss: 0.0977 | val_dice: 0.8841
Epoch 23/100 | train_loss: 0.0970 | val_loss: 0.1066 | val_dice: 0.8721
Epoch 24/100 | train_loss: 0.0967 | val_loss: 0.1016 | val_dice: 0.8787
Epoch 25/100 | train_loss: 0.0960 | val_loss: 0.0988 | val_dice: 0.8828
Early stopping at epoch 25
Saved training curve to /users/egottfri/code/octa-segmentation/results/octa500_lv_ablation/res_unet/training_curve_fold3.png
Fold 3 best Dice: 0.8843

==================================================
FOLD 4/5
==================================================
Epoch 1/100 | train_loss: 0.4675 | val_loss: 0.2635 | val_dice: 0.7021
New best! Saved (val_dice: 0.7021)
Epoch 2/100 | train_loss: 0.1469 | val_loss: 0.1264 | val_dice: 0.8580
New best! Saved (val_dice: 0.8580)
Epoch 3/100 | train_loss: 0.1214 | val_loss: 0.1163 | val_dice: 0.8644
New best! Saved (val_dice: 0.8644)
Epoch 4/100 | train_loss: 0.1151 | val_loss: 0.1106 | val_dice: 0.8709
New best! Saved (val_dice: 0.8709)
Epoch 5/100 | train_loss: 0.1114 | val_loss: 0.1031 | val_dice: 0.8801
New best! Saved (val_dice: 0.8801)
Epoch 6/100 | train_loss: 0.1097 | val_loss: 0.1074 | val_dice: 0.8729
Epoch 7/100 | train_loss: 0.1095 | val_loss: 0.1087 | val_dice: 0.8714
Epoch 8/100 | train_loss: 0.1066 | val_loss: 0.1032 | val_dice: 0.8783
Epoch 9/100 | train_loss: 0.1045 | val_loss: 0.1041 | val_dice: 0.8785
Epoch 10/100 | train_loss: 0.1043 | val_loss: 0.0983 | val_dice: 0.8841
New best! Saved (val_dice: 0.8841)
Epoch 11/100 | train_loss: 0.1077 | val_loss: 0.0972 | val_dice: 0.8866
New best! Saved (val_dice: 0.8866)
Epoch 12/100 | train_loss: 0.1029 | val_loss: 0.1031 | val_dice: 0.8796
Epoch 13/100 | train_loss: 0.1017 | val_loss: 0.1015 | val_dice: 0.8804
Epoch 14/100 | train_loss: 0.1028 | val_loss: 0.0974 | val_dice: 0.8855
Epoch 15/100 | train_loss: 0.1012 | val_loss: 0.0997 | val_dice: 0.8833
Epoch 16/100 | train_loss: 0.1008 | val_loss: 0.0972 | val_dice: 0.8850
Epoch 17/100 | train_loss: 0.1009 | val_loss: 0.0982 | val_dice: 0.8849
Epoch 18/100 | train_loss: 0.1001 | val_loss: 0.0949 | val_dice: 0.8881
New best! Saved (val_dice: 0.8881)
Epoch 19/100 | train_loss: 0.0987 | val_loss: 0.0968 | val_dice: 0.8858
Epoch 20/100 | train_loss: 0.0991 | val_loss: 0.0923 | val_dice: 0.8914
New best! Saved (val_dice: 0.8914)
Epoch 21/100 | train_loss: 0.0991 | val_loss: 0.0965 | val_dice: 0.8855
Epoch 22/100 | train_loss: 0.0983 | val_loss: 0.0982 | val_dice: 0.8835
Epoch 23/100 | train_loss: 0.0984 | val_loss: 0.0951 | val_dice: 0.8882
Epoch 24/100 | train_loss: 0.0995 | val_loss: 0.0993 | val_dice: 0.8818
Epoch 25/100 | train_loss: 0.0974 | val_loss: 0.0956 | val_dice: 0.8877
Epoch 26/100 | train_loss: 0.0969 | val_loss: 0.0912 | val_dice: 0.8927
New best! Saved (val_dice: 0.8927)
Epoch 27/100 | train_loss: 0.0969 | val_loss: 0.0949 | val_dice: 0.8876
Epoch 28/100 | train_loss: 0.0960 | val_loss: 0.0945 | val_dice: 0.8878
Epoch 29/100 | train_loss: 0.0953 | val_loss: 0.0952 | val_dice: 0.8880
Epoch 30/100 | train_loss: 0.0961 | val_loss: 0.0938 | val_dice: 0.8894
Epoch 31/100 | train_loss: 0.0958 | val_loss: 0.0954 | val_dice: 0.8881
Epoch 32/100 | train_loss: 0.0952 | val_loss: 0.0937 | val_dice: 0.8887
Epoch 33/100 | train_loss: 0.0941 | val_loss: 0.0955 | val_dice: 0.8878
Epoch 34/100 | train_loss: 0.0941 | val_loss: 0.0921 | val_dice: 0.8910
Epoch 35/100 | train_loss: 0.0941 | val_loss: 0.0938 | val_dice: 0.8885
Epoch 36/100 | train_loss: 0.0951 | val_loss: 0.0970 | val_dice: 0.8857
Early stopping at epoch 36
Saved training curve to /users/egottfri/code/octa-segmentation/results/octa500_lv_ablation/res_unet/training_curve_fold4.png
Fold 4 best Dice: 0.8927

==================================================
FOLD 5/5
==================================================
Epoch 1/100 | train_loss: 0.4268 | val_loss: 0.2131 | val_dice: 0.7942
New best! Saved (val_dice: 0.7942)
Epoch 2/100 | train_loss: 0.1437 | val_loss: 0.1227 | val_dice: 0.8590
New best! Saved (val_dice: 0.8590)
Epoch 3/100 | train_loss: 0.1206 | val_loss: 0.1127 | val_dice: 0.8686
New best! Saved (val_dice: 0.8686)
Epoch 4/100 | train_loss: 0.1130 | val_loss: 0.1069 | val_dice: 0.8742
New best! Saved (val_dice: 0.8742)
Epoch 5/100 | train_loss: 0.1119 | val_loss: 0.1049 | val_dice: 0.8768
New best! Saved (val_dice: 0.8768)
Epoch 6/100 | train_loss: 0.1092 | val_loss: 0.1044 | val_dice: 0.8770
New best! Saved (val_dice: 0.8770)
Epoch 7/100 | train_loss: 0.1076 | val_loss: 0.1023 | val_dice: 0.8787
New best! Saved (val_dice: 0.8787)
Epoch 8/100 | train_loss: 0.1049 | val_loss: 0.1045 | val_dice: 0.8756
Epoch 9/100 | train_loss: 0.1036 | val_loss: 0.1011 | val_dice: 0.8804
New best! Saved (val_dice: 0.8804)
Epoch 10/100 | train_loss: 0.1028 | val_loss: 0.0997 | val_dice: 0.8818
New best! Saved (val_dice: 0.8818)
Epoch 11/100 | train_loss: 0.1031 | val_loss: 0.1029 | val_dice: 0.8774
Epoch 12/100 | train_loss: 0.1025 | val_loss: 0.0991 | val_dice: 0.8826
New best! Saved (val_dice: 0.8826)
Epoch 13/100 | train_loss: 0.1006 | val_loss: 0.1001 | val_dice: 0.8810
Epoch 14/100 | train_loss: 0.1008 | val_loss: 0.0998 | val_dice: 0.8813
Epoch 15/100 | train_loss: 0.1005 | val_loss: 0.1007 | val_dice: 0.8799
Epoch 16/100 | train_loss: 0.1008 | val_loss: 0.1030 | val_dice: 0.8765
Epoch 17/100 | train_loss: 0.0992 | val_loss: 0.1012 | val_dice: 0.8797
Epoch 18/100 | train_loss: 0.0995 | val_loss: 0.0965 | val_dice: 0.8854
New best! Saved (val_dice: 0.8854)
Epoch 19/100 | train_loss: 0.0985 | val_loss: 0.1027 | val_dice: 0.8786
Epoch 20/100 | train_loss: 0.0978 | val_loss: 0.0989 | val_dice: 0.8813
Epoch 21/100 | train_loss: 0.0980 | val_loss: 0.0956 | val_dice: 0.8862
New best! Saved (val_dice: 0.8862)
Epoch 22/100 | train_loss: 0.0985 | val_loss: 0.1127 | val_dice: 0.8676
Epoch 23/100 | train_loss: 0.0973 | val_loss: 0.1009 | val_dice: 0.8807
Epoch 24/100 | train_loss: 0.0968 | val_loss: 0.0971 | val_dice: 0.8836
Epoch 25/100 | train_loss: 0.0960 | val_loss: 0.0987 | val_dice: 0.8828
Epoch 26/100 | train_loss: 0.0965 | val_loss: 0.0987 | val_dice: 0.8830
Epoch 27/100 | train_loss: 0.0957 | val_loss: 0.0957 | val_dice: 0.8863
New best! Saved (val_dice: 0.8863)
Epoch 28/100 | train_loss: 0.0960 | val_loss: 0.0990 | val_dice: 0.8825
Epoch 29/100 | train_loss: 0.0954 | val_loss: 0.0943 | val_dice: 0.8879
New best! Saved (val_dice: 0.8879)
Epoch 30/100 | train_loss: 0.0954 | val_loss: 0.0983 | val_dice: 0.8822
Epoch 31/100 | train_loss: 0.0946 | val_loss: 0.0935 | val_dice: 0.8885
New best! Saved (val_dice: 0.8885)
Epoch 32/100 | train_loss: 0.0941 | val_loss: 0.0993 | val_dice: 0.8813
Epoch 33/100 | train_loss: 0.0933 | val_loss: 0.0947 | val_dice: 0.8871
Epoch 34/100 | train_loss: 0.0937 | val_loss: 0.0978 | val_dice: 0.8836
Epoch 35/100 | train_loss: 0.0933 | val_loss: 0.0945 | val_dice: 0.8874
Epoch 36/100 | train_loss: 0.0932 | val_loss: 0.0961 | val_dice: 0.8849
Epoch 37/100 | train_loss: 0.0943 | val_loss: 0.0986 | val_dice: 0.8820
Epoch 38/100 | train_loss: 0.0924 | val_loss: 0.0957 | val_dice: 0.8851
Epoch 39/100 | train_loss: 0.0920 | val_loss: 0.0980 | val_dice: 0.8837
Epoch 40/100 | train_loss: 0.0924 | val_loss: 0.0959 | val_dice: 0.8854
Epoch 41/100 | train_loss: 0.0912 | val_loss: 0.0993 | val_dice: 0.8825
Early stopping at epoch 41
Saved training curve to /users/egottfri/code/octa-segmentation/results/octa500_lv_ablation/res_unet/training_curve_fold5.png
Fold 5 best Dice: 0.8885

==================================================
K-FOLD RESULTS: 0.8883 ± 0.0027
Individual folds: ['0.8870', '0.8888', '0.8843', '0.8927', '0.8885']
==================================================
[train] se_unet

==================================================
FOLD 1/5
==================================================
Epoch 1/100 | train_loss: 0.6441 | val_loss: 0.5920 | val_dice: 0.7702
New best! Saved (val_dice: 0.7702)
Epoch 2/100 | train_loss: 0.5734 | val_loss: 0.5618 | val_dice: 0.7981
New best! Saved (val_dice: 0.7981)
Epoch 3/100 | train_loss: 0.5465 | val_loss: 0.5342 | val_dice: 0.7966
Epoch 4/100 | train_loss: 0.5260 | val_loss: 0.5160 | val_dice: 0.8168
New best! Saved (val_dice: 0.8168)
Epoch 5/100 | train_loss: 0.5081 | val_loss: 0.4974 | val_dice: 0.8396
New best! Saved (val_dice: 0.8396)
Epoch 6/100 | train_loss: 0.4893 | val_loss: 0.4797 | val_dice: 0.8452
New best! Saved (val_dice: 0.8452)
Epoch 7/100 | train_loss: 0.4715 | val_loss: 0.4656 | val_dice: 0.8494
New best! Saved (val_dice: 0.8494)
Epoch 8/100 | train_loss: 0.4522 | val_loss: 0.4467 | val_dice: 0.8427
Epoch 9/100 | train_loss: 0.4329 | val_loss: 0.4213 | val_dice: 0.8660
New best! Saved (val_dice: 0.8660)
Epoch 10/100 | train_loss: 0.4132 | val_loss: 0.4064 | val_dice: 0.8534
Epoch 11/100 | train_loss: 0.3940 | val_loss: 0.3925 | val_dice: 0.8421
Epoch 12/100 | train_loss: 0.3735 | val_loss: 0.3670 | val_dice: 0.8704
New best! Saved (val_dice: 0.8704)
Epoch 13/100 | train_loss: 0.3543 | val_loss: 0.3474 | val_dice: 0.8786
New best! Saved (val_dice: 0.8786)
Epoch 14/100 | train_loss: 0.3353 | val_loss: 0.3316 | val_dice: 0.8640
Epoch 15/100 | train_loss: 0.3172 | val_loss: 0.3157 | val_dice: 0.8552
Epoch 16/100 | train_loss: 0.2981 | val_loss: 0.2932 | val_dice: 0.8780
Epoch 17/100 | train_loss: 0.2798 | val_loss: 0.2772 | val_dice: 0.8667
Epoch 18/100 | train_loss: 0.2640 | val_loss: 0.2596 | val_dice: 0.8645
Epoch 19/100 | train_loss: 0.2486 | val_loss: 0.2496 | val_dice: 0.8635
Epoch 20/100 | train_loss: 0.2328 | val_loss: 0.2314 | val_dice: 0.8758
Epoch 21/100 | train_loss: 0.2200 | val_loss: 0.2222 | val_dice: 0.8629
Epoch 22/100 | train_loss: 0.2079 | val_loss: 0.2076 | val_dice: 0.8833
New best! Saved (val_dice: 0.8833)
Epoch 23/100 | train_loss: 0.1967 | val_loss: 0.1985 | val_dice: 0.8757
Epoch 24/100 | train_loss: 0.1874 | val_loss: 0.1809 | val_dice: 0.8874
New best! Saved (val_dice: 0.8874)
Epoch 25/100 | train_loss: 0.1779 | val_loss: 0.1748 | val_dice: 0.8823
Epoch 26/100 | train_loss: 0.1693 | val_loss: 0.1706 | val_dice: 0.8821
Epoch 27/100 | train_loss: 0.1612 | val_loss: 0.1587 | val_dice: 0.8854
Epoch 28/100 | train_loss: 0.1552 | val_loss: 0.1591 | val_dice: 0.8777
Epoch 29/100 | train_loss: 0.1504 | val_loss: 0.1490 | val_dice: 0.8863
Epoch 30/100 | train_loss: 0.1438 | val_loss: 0.1537 | val_dice: 0.8720
Epoch 31/100 | train_loss: 0.1393 | val_loss: 0.1399 | val_dice: 0.8847
Epoch 32/100 | train_loss: 0.1356 | val_loss: 0.1444 | val_dice: 0.8737
Epoch 33/100 | train_loss: 0.1312 | val_loss: 0.1324 | val_dice: 0.8827
Epoch 34/100 | train_loss: 0.1287 | val_loss: 0.1317 | val_dice: 0.8798
Early stopping at epoch 34
Saved training curve to /users/egottfri/code/octa-segmentation/results/octa500_lv_ablation/se_unet/training_curve_fold1.png
Fold 1 best Dice: 0.8874

==================================================
FOLD 2/5
==================================================
Epoch 1/100 | train_loss: 0.6595 | val_loss: 0.6189 | val_dice: 0.7492
New best! Saved (val_dice: 0.7492)
Epoch 2/100 | train_loss: 0.5918 | val_loss: 0.5771 | val_dice: 0.7936
New best! Saved (val_dice: 0.7936)
Epoch 3/100 | train_loss: 0.5660 | val_loss: 0.5577 | val_dice: 0.8176
New best! Saved (val_dice: 0.8176)
Epoch 4/100 | train_loss: 0.5493 | val_loss: 0.5379 | val_dice: 0.8250
New best! Saved (val_dice: 0.8250)
Epoch 5/100 | train_loss: 0.5339 | val_loss: 0.5282 | val_dice: 0.8418
New best! Saved (val_dice: 0.8418)
Epoch 6/100 | train_loss: 0.5183 | val_loss: 0.5082 | val_dice: 0.8524
New best! Saved (val_dice: 0.8524)
Epoch 7/100 | train_loss: 0.5031 | val_loss: 0.5005 | val_dice: 0.8522
Epoch 8/100 | train_loss: 0.4887 | val_loss: 0.4836 | val_dice: 0.8460
Epoch 9/100 | train_loss: 0.4724 | val_loss: 0.4689 | val_dice: 0.8612
New best! Saved (val_dice: 0.8612)
Epoch 10/100 | train_loss: 0.4574 | val_loss: 0.4512 | val_dice: 0.8712
New best! Saved (val_dice: 0.8712)
Epoch 11/100 | train_loss: 0.4409 | val_loss: 0.4342 | val_dice: 0.8731
New best! Saved (val_dice: 0.8731)
Epoch 12/100 | train_loss: 0.4243 | val_loss: 0.4103 | val_dice: 0.8731
New best! Saved (val_dice: 0.8731)
Epoch 13/100 | train_loss: 0.4072 | val_loss: 0.4075 | val_dice: 0.8721
Epoch 14/100 | train_loss: 0.3910 | val_loss: 0.3880 | val_dice: 0.8615
Epoch 15/100 | train_loss: 0.3737 | val_loss: 0.3640 | val_dice: 0.8775
New best! Saved (val_dice: 0.8775)
Epoch 16/100 | train_loss: 0.3569 | val_loss: 0.3544 | val_dice: 0.8645
Epoch 17/100 | train_loss: 0.3406 | val_loss: 0.3362 | val_dice: 0.8759
Epoch 18/100 | train_loss: 0.3230 | val_loss: 0.3224 | val_dice: 0.8695
Epoch 19/100 | train_loss: 0.3074 | val_loss: 0.3041 | val_dice: 0.8856
New best! Saved (val_dice: 0.8856)
Epoch 20/100 | train_loss: 0.2918 | val_loss: 0.2933 | val_dice: 0.8751
Epoch 21/100 | train_loss: 0.2771 | val_loss: 0.2712 | val_dice: 0.8860
New best! Saved (val_dice: 0.8860)
Epoch 22/100 | train_loss: 0.2635 | val_loss: 0.2624 | val_dice: 0.8735
Epoch 23/100 | train_loss: 0.2505 | val_loss: 0.2417 | val_dice: 0.8800
Epoch 24/100 | train_loss: 0.2361 | val_loss: 0.2471 | val_dice: 0.8576
Epoch 25/100 | train_loss: 0.2229 | val_loss: 0.2191 | val_dice: 0.8759
Epoch 26/100 | train_loss: 0.2101 | val_loss: 0.2074 | val_dice: 0.8767
Epoch 27/100 | train_loss: 0.1961 | val_loss: 0.1887 | val_dice: 0.8858
Epoch 28/100 | train_loss: 0.1855 | val_loss: 0.1868 | val_dice: 0.8752
Epoch 29/100 | train_loss: 0.1761 | val_loss: 0.1757 | val_dice: 0.8816
Epoch 30/100 | train_loss: 0.1661 | val_loss: 0.1683 | val_dice: 0.8800
Epoch 31/100 | train_loss: 0.1589 | val_loss: 0.1594 | val_dice: 0.8843
Early stopping at epoch 31
Saved training curve to /users/egottfri/code/octa-segmentation/results/octa500_lv_ablation/se_unet/training_curve_fold2.png
Fold 2 best Dice: 0.8860

==================================================
FOLD 3/5
==================================================
Epoch 1/100 | train_loss: 0.6075 | val_loss: 0.5546 | val_dice: 0.7631
New best! Saved (val_dice: 0.7631)
Epoch 2/100 | train_loss: 0.5361 | val_loss: 0.5196 | val_dice: 0.7896
New best! Saved (val_dice: 0.7896)
Epoch 3/100 | train_loss: 0.5050 | val_loss: 0.4857 | val_dice: 0.8327
New best! Saved (val_dice: 0.8327)
Epoch 4/100 | train_loss: 0.4837 | val_loss: 0.4662 | val_dice: 0.8213
Epoch 5/100 | train_loss: 0.4634 | val_loss: 0.4466 | val_dice: 0.8235
Epoch 6/100 | train_loss: 0.4456 | val_loss: 0.4290 | val_dice: 0.8363
New best! Saved (val_dice: 0.8363)
Epoch 7/100 | train_loss: 0.4272 | val_loss: 0.4225 | val_dice: 0.8305
Epoch 8/100 | train_loss: 0.4103 | val_loss: 0.3963 | val_dice: 0.8640
New best! Saved (val_dice: 0.8640)
Epoch 9/100 | train_loss: 0.3935 | val_loss: 0.3792 | val_dice: 0.8661
New best! Saved (val_dice: 0.8661)
Epoch 10/100 | train_loss: 0.3748 | val_loss: 0.3662 | val_dice: 0.8599
Epoch 11/100 | train_loss: 0.3579 | val_loss: 0.3450 | val_dice: 0.8664
New best! Saved (val_dice: 0.8664)
Epoch 12/100 | train_loss: 0.3400 | val_loss: 0.3290 | val_dice: 0.8792
New best! Saved (val_dice: 0.8792)
Epoch 13/100 | train_loss: 0.3230 | val_loss: 0.3110 | val_dice: 0.8621
Epoch 14/100 | train_loss: 0.3061 | val_loss: 0.2998 | val_dice: 0.8613
Epoch 15/100 | train_loss: 0.2894 | val_loss: 0.2842 | val_dice: 0.8627
Epoch 16/100 | train_loss: 0.2745 | val_loss: 0.2648 | val_dice: 0.8773
Epoch 17/100 | train_loss: 0.2589 | val_loss: 0.2547 | val_dice: 0.8661
Epoch 18/100 | train_loss: 0.2449 | val_loss: 0.2382 | val_dice: 0.8821
New best! Saved (val_dice: 0.8821)
Epoch 19/100 | train_loss: 0.2312 | val_loss: 0.2275 | val_dice: 0.8833
New best! Saved (val_dice: 0.8833)
Epoch 20/100 | train_loss: 0.2186 | val_loss: 0.2137 | val_dice: 0.8795
Epoch 21/100 | train_loss: 0.2076 | val_loss: 0.2048 | val_dice: 0.8813
Epoch 22/100 | train_loss: 0.1965 | val_loss: 0.1981 | val_dice: 0.8697
Epoch 23/100 | train_loss: 0.1871 | val_loss: 0.1832 | val_dice: 0.8824
Epoch 24/100 | train_loss: 0.1790 | val_loss: 0.1764 | val_dice: 0.8782
Epoch 25/100 | train_loss: 0.1711 | val_loss: 0.1673 | val_dice: 0.8822
Epoch 26/100 | train_loss: 0.1644 | val_loss: 0.1668 | val_dice: 0.8749
Epoch 27/100 | train_loss: 0.1570 | val_loss: 0.1565 | val_dice: 0.8797
Epoch 28/100 | train_loss: 0.1510 | val_loss: 0.1498 | val_dice: 0.8831
Epoch 29/100 | train_loss: 0.1463 | val_loss: 0.1459 | val_dice: 0.8836
New best! Saved (val_dice: 0.8836)
Epoch 30/100 | train_loss: 0.1417 | val_loss: 0.1379 | val_dice: 0.8855
New best! Saved (val_dice: 0.8855)
Epoch 31/100 | train_loss: 0.1369 | val_loss: 0.1416 | val_dice: 0.8781
Epoch 32/100 | train_loss: 0.1338 | val_loss: 0.1302 | val_dice: 0.8888
New best! Saved (val_dice: 0.8888)
Epoch 33/100 | train_loss: 0.1293 | val_loss: 0.1312 | val_dice: 0.8819
Epoch 34/100 | train_loss: 0.1276 | val_loss: 0.1334 | val_dice: 0.8767
Epoch 35/100 | train_loss: 0.1254 | val_loss: 0.1259 | val_dice: 0.8835
Epoch 36/100 | train_loss: 0.1219 | val_loss: 0.1304 | val_dice: 0.8728
Epoch 37/100 | train_loss: 0.1195 | val_loss: 0.1180 | val_dice: 0.8880
Epoch 38/100 | train_loss: 0.1166 | val_loss: 0.1228 | val_dice: 0.8793
Epoch 39/100 | train_loss: 0.1154 | val_loss: 0.1212 | val_dice: 0.8789
Epoch 40/100 | train_loss: 0.1129 | val_loss: 0.1126 | val_dice: 0.8886
Epoch 41/100 | train_loss: 0.1109 | val_loss: 0.1123 | val_dice: 0.8863
Epoch 42/100 | train_loss: 0.1108 | val_loss: 0.1142 | val_dice: 0.8830
Early stopping at epoch 42
Saved training curve to /users/egottfri/code/octa-segmentation/results/octa500_lv_ablation/se_unet/training_curve_fold3.png
Fold 3 best Dice: 0.8888

==================================================
FOLD 4/5
==================================================
Epoch 1/100 | train_loss: 0.6745 | val_loss: 0.6203 | val_dice: 0.7185
New best! Saved (val_dice: 0.7185)
Epoch 2/100 | train_loss: 0.6062 | val_loss: 0.5889 | val_dice: 0.7913
New best! Saved (val_dice: 0.7913)
Epoch 3/100 | train_loss: 0.5798 | val_loss: 0.5704 | val_dice: 0.7883
Epoch 4/100 | train_loss: 0.5607 | val_loss: 0.5497 | val_dice: 0.8383
New best! Saved (val_dice: 0.8383)
Epoch 5/100 | train_loss: 0.5432 | val_loss: 0.5299 | val_dice: 0.8286
Epoch 6/100 | train_loss: 0.5261 | val_loss: 0.5087 | val_dice: 0.8441
New best! Saved (val_dice: 0.8441)
Epoch 7/100 | train_loss: 0.5084 | val_loss: 0.4948 | val_dice: 0.8542
New best! Saved (val_dice: 0.8542)
Epoch 8/100 | train_loss: 0.4901 | val_loss: 0.4766 | val_dice: 0.8623
New best! Saved (val_dice: 0.8623)
Epoch 9/100 | train_loss: 0.4707 | val_loss: 0.4618 | val_dice: 0.8664
New best! Saved (val_dice: 0.8664)
Epoch 10/100 | train_loss: 0.4516 | val_loss: 0.4374 | val_dice: 0.8599
Epoch 11/100 | train_loss: 0.4310 | val_loss: 0.4169 | val_dice: 0.8479
Epoch 12/100 | train_loss: 0.4102 | val_loss: 0.3981 | val_dice: 0.8638
Epoch 13/100 | train_loss: 0.3890 | val_loss: 0.3796 | val_dice: 0.8577
Epoch 14/100 | train_loss: 0.3688 | val_loss: 0.3594 | val_dice: 0.8650
Epoch 15/100 | train_loss: 0.3494 | val_loss: 0.3327 | val_dice: 0.8679
New best! Saved (val_dice: 0.8679)
Epoch 16/100 | train_loss: 0.3296 | val_loss: 0.3117 | val_dice: 0.8804
New best! Saved (val_dice: 0.8804)
Epoch 17/100 | train_loss: 0.3101 | val_loss: 0.3037 | val_dice: 0.8677
Epoch 18/100 | train_loss: 0.2905 | val_loss: 0.2799 | val_dice: 0.8824
New best! Saved (val_dice: 0.8824)
Epoch 19/100 | train_loss: 0.2739 | val_loss: 0.2632 | val_dice: 0.8895
New best! Saved (val_dice: 0.8895)
Epoch 20/100 | train_loss: 0.2567 | val_loss: 0.2520 | val_dice: 0.8817
Epoch 21/100 | train_loss: 0.2415 | val_loss: 0.2310 | val_dice: 0.8786
Epoch 22/100 | train_loss: 0.2269 | val_loss: 0.2155 | val_dice: 0.8824
Epoch 23/100 | train_loss: 0.2148 | val_loss: 0.2032 | val_dice: 0.8904
New best! Saved (val_dice: 0.8904)
Epoch 24/100 | train_loss: 0.2020 | val_loss: 0.1923 | val_dice: 0.8905
New best! Saved (val_dice: 0.8905)
Epoch 25/100 | train_loss: 0.1916 | val_loss: 0.1855 | val_dice: 0.8845
Epoch 26/100 | train_loss: 0.1823 | val_loss: 0.1726 | val_dice: 0.8857
Epoch 27/100 | train_loss: 0.1748 | val_loss: 0.1612 | val_dice: 0.8909
New best! Saved (val_dice: 0.8909)
Epoch 28/100 | train_loss: 0.1661 | val_loss: 0.1601 | val_dice: 0.8829
Epoch 29/100 | train_loss: 0.1593 | val_loss: 0.1535 | val_dice: 0.8882
Epoch 30/100 | train_loss: 0.1520 | val_loss: 0.1520 | val_dice: 0.8858
Epoch 31/100 | train_loss: 0.1479 | val_loss: 0.1403 | val_dice: 0.8916
New best! Saved (val_dice: 0.8916)
Epoch 32/100 | train_loss: 0.1427 | val_loss: 0.1369 | val_dice: 0.8857
Epoch 33/100 | train_loss: 0.1406 | val_loss: 0.1358 | val_dice: 0.8845
Epoch 34/100 | train_loss: 0.1341 | val_loss: 0.1347 | val_dice: 0.8825
Epoch 35/100 | train_loss: 0.1311 | val_loss: 0.1246 | val_dice: 0.8927
New best! Saved (val_dice: 0.8927)
Epoch 36/100 | train_loss: 0.1292 | val_loss: 0.1201 | val_dice: 0.8944
New best! Saved (val_dice: 0.8944)
Epoch 37/100 | train_loss: 0.1254 | val_loss: 0.1200 | val_dice: 0.8914
Epoch 38/100 | train_loss: 0.1224 | val_loss: 0.1153 | val_dice: 0.8960
New best! Saved (val_dice: 0.8960)
Epoch 39/100 | train_loss: 0.1196 | val_loss: 0.1171 | val_dice: 0.8916
Epoch 40/100 | train_loss: 0.1169 | val_loss: 0.1165 | val_dice: 0.8884
Epoch 41/100 | train_loss: 0.1154 | val_loss: 0.1119 | val_dice: 0.8935
Epoch 42/100 | train_loss: 0.1147 | val_loss: 0.1137 | val_dice: 0.8895
Epoch 43/100 | train_loss: 0.1122 | val_loss: 0.1108 | val_dice: 0.8906
Epoch 44/100 | train_loss: 0.1114 | val_loss: 0.1069 | val_dice: 0.8944
Epoch 45/100 | train_loss: 0.1101 | val_loss: 0.1124 | val_dice: 0.8844
Epoch 46/100 | train_loss: 0.1083 | val_loss: 0.1117 | val_dice: 0.8851
Epoch 47/100 | train_loss: 0.1074 | val_loss: 0.1088 | val_dice: 0.8880
Epoch 48/100 | train_loss: 0.1055 | val_loss: 0.1016 | val_dice: 0.8952
Early stopping at epoch 48
Saved training curve to /users/egottfri/code/octa-segmentation/results/octa500_lv_ablation/se_unet/training_curve_fold4.png
Fold 4 best Dice: 0.8960

==================================================
FOLD 5/5
==================================================
Epoch 1/100 | train_loss: 0.6330 | val_loss: 0.5895 | val_dice: 0.7489
New best! Saved (val_dice: 0.7489)
Epoch 2/100 | train_loss: 0.5648 | val_loss: 0.5477 | val_dice: 0.7847
New best! Saved (val_dice: 0.7847)
Epoch 3/100 | train_loss: 0.5404 | val_loss: 0.5412 | val_dice: 0.7815
Epoch 4/100 | train_loss: 0.5240 | val_loss: 0.5140 | val_dice: 0.8512
New best! Saved (val_dice: 0.8512)
Epoch 5/100 | train_loss: 0.5087 | val_loss: 0.4985 | val_dice: 0.8545
New best! Saved (val_dice: 0.8545)
Epoch 6/100 | train_loss: 0.4942 | val_loss: 0.4898 | val_dice: 0.8590
New best! Saved (val_dice: 0.8590)
Epoch 7/100 | train_loss: 0.4802 | val_loss: 0.4737 | val_dice: 0.8616
New best! Saved (val_dice: 0.8616)
Epoch 8/100 | train_loss: 0.4659 | val_loss: 0.4570 | val_dice: 0.8595
Epoch 9/100 | train_loss: 0.4503 | val_loss: 0.4445 | val_dice: 0.8374
Epoch 10/100 | train_loss: 0.4349 | val_loss: 0.4306 | val_dice: 0.8488
Epoch 11/100 | train_loss: 0.4198 | val_loss: 0.4152 | val_dice: 0.8608
Epoch 12/100 | train_loss: 0.4044 | val_loss: 0.3990 | val_dice: 0.8691
New best! Saved (val_dice: 0.8691)
Epoch 13/100 | train_loss: 0.3890 | val_loss: 0.3821 | val_dice: 0.8681
Epoch 14/100 | train_loss: 0.3731 | val_loss: 0.3676 | val_dice: 0.8506
Epoch 15/100 | train_loss: 0.3573 | val_loss: 0.3554 | val_dice: 0.8599
Epoch 16/100 | train_loss: 0.3415 | val_loss: 0.3345 | val_dice: 0.8757
New best! Saved (val_dice: 0.8757)
Epoch 17/100 | train_loss: 0.3257 | val_loss: 0.3196 | val_dice: 0.8835
New best! Saved (val_dice: 0.8835)
Epoch 18/100 | train_loss: 0.3108 | val_loss: 0.3063 | val_dice: 0.8832
Epoch 19/100 | train_loss: 0.2958 | val_loss: 0.2988 | val_dice: 0.8589
Epoch 20/100 | train_loss: 0.2810 | val_loss: 0.2721 | val_dice: 0.8799
Epoch 21/100 | train_loss: 0.2679 | val_loss: 0.2610 | val_dice: 0.8760
Epoch 22/100 | train_loss: 0.2554 | val_loss: 0.2537 | val_dice: 0.8879
New best! Saved (val_dice: 0.8879)
Epoch 23/100 | train_loss: 0.2417 | val_loss: 0.2360 | val_dice: 0.8860
Epoch 24/100 | train_loss: 0.2304 | val_loss: 0.2276 | val_dice: 0.8823
Epoch 25/100 | train_loss: 0.2196 | val_loss: 0.2178 | val_dice: 0.8742
Epoch 26/100 | train_loss: 0.2099 | val_loss: 0.2053 | val_dice: 0.8821
Epoch 27/100 | train_loss: 0.2007 | val_loss: 0.2001 | val_dice: 0.8740
Epoch 28/100 | train_loss: 0.1919 | val_loss: 0.1909 | val_dice: 0.8828
Epoch 29/100 | train_loss: 0.1838 | val_loss: 0.1863 | val_dice: 0.8806
Epoch 30/100 | train_loss: 0.1774 | val_loss: 0.1762 | val_dice: 0.8807
Epoch 31/100 | train_loss: 0.1699 | val_loss: 0.1658 | val_dice: 0.8859
Epoch 32/100 | train_loss: 0.1638 | val_loss: 0.1651 | val_dice: 0.8840
Early stopping at epoch 32
Saved training curve to /users/egottfri/code/octa-segmentation/results/octa500_lv_ablation/se_unet/training_curve_fold5.png
Fold 5 best Dice: 0.8879

==================================================
K-FOLD RESULTS: 0.8892 ± 0.0035
Individual folds: ['0.8874', '0.8860', '0.8888', '0.8960', '0.8879']
==================================================
[train] att_res_unet

==================================================
FOLD 1/5
==================================================
Epoch 1/100 | train_loss: 0.4912 | val_loss: 0.4280 | val_dice: 0.2901
New best! Saved (val_dice: 0.2901)
Epoch 2/100 | train_loss: 0.1613 | val_loss: 0.1521 | val_dice: 0.8229
New best! Saved (val_dice: 0.8229)
Epoch 3/100 | train_loss: 0.1210 | val_loss: 0.1169 | val_dice: 0.8629
New best! Saved (val_dice: 0.8629)
Epoch 4/100 | train_loss: 0.1149 | val_loss: 0.1067 | val_dice: 0.8752
New best! Saved (val_dice: 0.8752)
Epoch 5/100 | train_loss: 0.1119 | val_loss: 0.1070 | val_dice: 0.8740
Epoch 6/100 | train_loss: 0.1081 | val_loss: 0.1043 | val_dice: 0.8773
New best! Saved (val_dice: 0.8773)
Epoch 7/100 | train_loss: 0.1070 | val_loss: 0.1041 | val_dice: 0.8772
Epoch 8/100 | train_loss: 0.1060 | val_loss: 0.1027 | val_dice: 0.8796
New best! Saved (val_dice: 0.8796)
Epoch 9/100 | train_loss: 0.1057 | val_loss: 0.1036 | val_dice: 0.8778
Epoch 10/100 | train_loss: 0.1040 | val_loss: 0.1046 | val_dice: 0.8762
Epoch 11/100 | train_loss: 0.1023 | val_loss: 0.1049 | val_dice: 0.8758
Epoch 12/100 | train_loss: 0.1009 | val_loss: 0.1037 | val_dice: 0.8760
Epoch 13/100 | train_loss: 0.1013 | val_loss: 0.0993 | val_dice: 0.8829
New best! Saved (val_dice: 0.8829)
Epoch 14/100 | train_loss: 0.1015 | val_loss: 0.1063 | val_dice: 0.8740
Epoch 15/100 | train_loss: 0.1005 | val_loss: 0.1023 | val_dice: 0.8776
Epoch 16/100 | train_loss: 0.1006 | val_loss: 0.1014 | val_dice: 0.8795
Epoch 17/100 | train_loss: 0.0992 | val_loss: 0.0984 | val_dice: 0.8839
New best! Saved (val_dice: 0.8839)
Epoch 18/100 | train_loss: 0.1002 | val_loss: 0.0991 | val_dice: 0.8820
Epoch 19/100 | train_loss: 0.0993 | val_loss: 0.0958 | val_dice: 0.8868
New best! Saved (val_dice: 0.8868)
Epoch 20/100 | train_loss: 0.0969 | val_loss: 0.0994 | val_dice: 0.8816
Epoch 21/100 | train_loss: 0.0980 | val_loss: 0.0990 | val_dice: 0.8823
Epoch 22/100 | train_loss: 0.0963 | val_loss: 0.0991 | val_dice: 0.8824
Epoch 23/100 | train_loss: 0.0964 | val_loss: 0.0984 | val_dice: 0.8837
Epoch 24/100 | train_loss: 0.0955 | val_loss: 0.0952 | val_dice: 0.8868
New best! Saved (val_dice: 0.8868)
Epoch 25/100 | train_loss: 0.0951 | val_loss: 0.0964 | val_dice: 0.8855
Epoch 26/100 | train_loss: 0.0957 | val_loss: 0.1032 | val_dice: 0.8758
Epoch 27/100 | train_loss: 0.0957 | val_loss: 0.1015 | val_dice: 0.8785
Epoch 28/100 | train_loss: 0.0953 | val_loss: 0.0939 | val_dice: 0.8887
New best! Saved (val_dice: 0.8887)
Epoch 29/100 | train_loss: 0.0936 | val_loss: 0.0947 | val_dice: 0.8874
Epoch 30/100 | train_loss: 0.0943 | val_loss: 0.1005 | val_dice: 0.8791
Epoch 31/100 | train_loss: 0.0942 | val_loss: 0.0952 | val_dice: 0.8867
Epoch 32/100 | train_loss: 0.0931 | val_loss: 0.1020 | val_dice: 0.8766
Epoch 33/100 | train_loss: 0.0935 | val_loss: 0.0957 | val_dice: 0.8861
Epoch 34/100 | train_loss: 0.0927 | val_loss: 0.1068 | val_dice: 0.8743
Epoch 35/100 | train_loss: 0.0920 | val_loss: 0.1020 | val_dice: 0.8785
Epoch 36/100 | train_loss: 0.0925 | val_loss: 0.1019 | val_dice: 0.8783
Epoch 37/100 | train_loss: 0.0930 | val_loss: 0.0974 | val_dice: 0.8836
Epoch 38/100 | train_loss: 0.0933 | val_loss: 0.1001 | val_dice: 0.8790
Early stopping at epoch 38
Saved training curve to /users/egottfri/code/octa-segmentation/results/octa500_lv_ablation/att_res_unet/training_curve_fold1.png
Fold 1 best Dice: 0.8887

==================================================
FOLD 2/5
==================================================
Epoch 1/100 | train_loss: 0.4648 | val_loss: 0.2425 | val_dice: 0.7815
New best! Saved (val_dice: 0.7815)
Epoch 2/100 | train_loss: 0.1533 | val_loss: 0.1241 | val_dice: 0.8584
New best! Saved (val_dice: 0.8584)
Epoch 3/100 | train_loss: 0.1223 | val_loss: 0.1170 | val_dice: 0.8623
New best! Saved (val_dice: 0.8623)
Epoch 4/100 | train_loss: 0.1147 | val_loss: 0.1117 | val_dice: 0.8682
New best! Saved (val_dice: 0.8682)
Epoch 5/100 | train_loss: 0.1113 | val_loss: 0.1118 | val_dice: 0.8667
Epoch 6/100 | train_loss: 0.1084 | val_loss: 0.1073 | val_dice: 0.8728
New best! Saved (val_dice: 0.8728)
Epoch 7/100 | train_loss: 0.1076 | val_loss: 0.1068 | val_dice: 0.8741
New best! Saved (val_dice: 0.8741)
Epoch 8/100 | train_loss: 0.1040 | val_loss: 0.1036 | val_dice: 0.8772
New best! Saved (val_dice: 0.8772)
Epoch 9/100 | train_loss: 0.1038 | val_loss: 0.0996 | val_dice: 0.8829
New best! Saved (val_dice: 0.8829)
Epoch 10/100 | train_loss: 0.1028 | val_loss: 0.1159 | val_dice: 0.8639
Epoch 11/100 | train_loss: 0.1016 | val_loss: 0.1031 | val_dice: 0.8774
Epoch 12/100 | train_loss: 0.1005 | val_loss: 0.1017 | val_dice: 0.8790
Epoch 13/100 | train_loss: 0.1010 | val_loss: 0.0978 | val_dice: 0.8847
New best! Saved (val_dice: 0.8847)
Epoch 14/100 | train_loss: 0.1000 | val_loss: 0.1048 | val_dice: 0.8762
Epoch 15/100 | train_loss: 0.0999 | val_loss: 0.1013 | val_dice: 0.8797
Epoch 16/100 | train_loss: 0.0998 | val_loss: 0.1003 | val_dice: 0.8813
Epoch 17/100 | train_loss: 0.0993 | val_loss: 0.1036 | val_dice: 0.8757
Epoch 18/100 | train_loss: 0.0981 | val_loss: 0.0985 | val_dice: 0.8836
Epoch 19/100 | train_loss: 0.0984 | val_loss: 0.1008 | val_dice: 0.8793
Epoch 20/100 | train_loss: 0.0994 | val_loss: 0.1001 | val_dice: 0.8818
Epoch 21/100 | train_loss: 0.0983 | val_loss: 0.1035 | val_dice: 0.8780
Epoch 22/100 | train_loss: 0.0971 | val_loss: 0.0964 | val_dice: 0.8868
New best! Saved (val_dice: 0.8868)
Epoch 23/100 | train_loss: 0.0982 | val_loss: 0.1008 | val_dice: 0.8812
Epoch 24/100 | train_loss: 0.0963 | val_loss: 0.1008 | val_dice: 0.8798
Epoch 25/100 | train_loss: 0.0957 | val_loss: 0.0957 | val_dice: 0.8862
Epoch 26/100 | train_loss: 0.0966 | val_loss: 0.0958 | val_dice: 0.8865
Epoch 27/100 | train_loss: 0.0956 | val_loss: 0.1006 | val_dice: 0.8805
Epoch 28/100 | train_loss: 0.0946 | val_loss: 0.1004 | val_dice: 0.8795
Epoch 29/100 | train_loss: 0.0938 | val_loss: 0.0968 | val_dice: 0.8852
Epoch 30/100 | train_loss: 0.0941 | val_loss: 0.0980 | val_dice: 0.8832
Epoch 31/100 | train_loss: 0.0949 | val_loss: 0.1088 | val_dice: 0.8678
Epoch 32/100 | train_loss: 0.0923 | val_loss: 0.0957 | val_dice: 0.8866
Early stopping at epoch 32
Saved training curve to /users/egottfri/code/octa-segmentation/results/octa500_lv_ablation/att_res_unet/training_curve_fold2.png
Fold 2 best Dice: 0.8868

==================================================
FOLD 3/5
==================================================
Epoch 1/100 | train_loss: 0.4805 | val_loss: 0.2453 | val_dice: 0.7709
New best! Saved (val_dice: 0.7709)
Epoch 2/100 | train_loss: 0.1509 | val_loss: 0.1354 | val_dice: 0.8552
New best! Saved (val_dice: 0.8552)
Epoch 3/100 | train_loss: 0.1225 | val_loss: 0.1162 | val_dice: 0.8657
New best! Saved (val_dice: 0.8657)
Epoch 4/100 | train_loss: 0.1144 | val_loss: 0.1098 | val_dice: 0.8713
New best! Saved (val_dice: 0.8713)
Epoch 5/100 | train_loss: 0.1103 | val_loss: 0.1102 | val_dice: 0.8698
Epoch 6/100 | train_loss: 0.1072 | val_loss: 0.1154 | val_dice: 0.8646
Epoch 7/100 | train_loss: 0.1045 | val_loss: 0.1041 | val_dice: 0.8771
New best! Saved (val_dice: 0.8771)
Epoch 8/100 | train_loss: 0.1043 | val_loss: 0.1076 | val_dice: 0.8717
Epoch 9/100 | train_loss: 0.1040 | val_loss: 0.1013 | val_dice: 0.8801
New best! Saved (val_dice: 0.8801)
Epoch 10/100 | train_loss: 0.1030 | val_loss: 0.0988 | val_dice: 0.8835
New best! Saved (val_dice: 0.8835)
Epoch 11/100 | train_loss: 0.1025 | val_loss: 0.1155 | val_dice: 0.8608
Epoch 12/100 | train_loss: 0.1013 | val_loss: 0.1058 | val_dice: 0.8755
Epoch 13/100 | train_loss: 0.0998 | val_loss: 0.1085 | val_dice: 0.8697
Epoch 14/100 | train_loss: 0.1002 | val_loss: 0.1003 | val_dice: 0.8810
Epoch 15/100 | train_loss: 0.0983 | val_loss: 0.0983 | val_dice: 0.8834
Epoch 16/100 | train_loss: 0.0988 | val_loss: 0.0985 | val_dice: 0.8836
New best! Saved (val_dice: 0.8836)
Epoch 17/100 | train_loss: 0.1002 | val_loss: 0.1049 | val_dice: 0.8744
Epoch 18/100 | train_loss: 0.0973 | val_loss: 0.1008 | val_dice: 0.8812
Epoch 19/100 | train_loss: 0.0972 | val_loss: 0.0994 | val_dice: 0.8821
Epoch 20/100 | train_loss: 0.0971 | val_loss: 0.1009 | val_dice: 0.8797
Epoch 21/100 | train_loss: 0.0980 | val_loss: 0.1032 | val_dice: 0.8769
Epoch 22/100 | train_loss: 0.0975 | val_loss: 0.1026 | val_dice: 0.8791
Epoch 23/100 | train_loss: 0.0972 | val_loss: 0.0970 | val_dice: 0.8848
New best! Saved (val_dice: 0.8848)
Epoch 24/100 | train_loss: 0.0967 | val_loss: 0.1032 | val_dice: 0.8777
Epoch 25/100 | train_loss: 0.0966 | val_loss: 0.0970 | val_dice: 0.8849
New best! Saved (val_dice: 0.8849)
Epoch 26/100 | train_loss: 0.0965 | val_loss: 0.0970 | val_dice: 0.8852
New best! Saved (val_dice: 0.8852)
Epoch 27/100 | train_loss: 0.0946 | val_loss: 0.0973 | val_dice: 0.8845
Epoch 28/100 | train_loss: 0.0938 | val_loss: 0.0989 | val_dice: 0.8829
Epoch 29/100 | train_loss: 0.0940 | val_loss: 0.0991 | val_dice: 0.8826
Epoch 30/100 | train_loss: 0.0943 | val_loss: 0.0973 | val_dice: 0.8851
Epoch 31/100 | train_loss: 0.0943 | val_loss: 0.1051 | val_dice: 0.8733
Epoch 32/100 | train_loss: 0.0925 | val_loss: 0.1022 | val_dice: 0.8768
Epoch 33/100 | train_loss: 0.0925 | val_loss: 0.1040 | val_dice: 0.8754
Epoch 34/100 | train_loss: 0.0922 | val_loss: 0.0980 | val_dice: 0.8832
Epoch 35/100 | train_loss: 0.0927 | val_loss: 0.0951 | val_dice: 0.8873
New best! Saved (val_dice: 0.8873)
Epoch 36/100 | train_loss: 0.0925 | val_loss: 0.0976 | val_dice: 0.8845
Epoch 37/100 | train_loss: 0.0919 | val_loss: 0.0978 | val_dice: 0.8833
Epoch 38/100 | train_loss: 0.0910 | val_loss: 0.0961 | val_dice: 0.8861
Epoch 39/100 | train_loss: 0.0916 | val_loss: 0.1032 | val_dice: 0.8768
Epoch 40/100 | train_loss: 0.0909 | val_loss: 0.0997 | val_dice: 0.8809
Epoch 41/100 | train_loss: 0.0893 | val_loss: 0.1036 | val_dice: 0.8760
Epoch 42/100 | train_loss: 0.0912 | val_loss: 0.0968 | val_dice: 0.8859
Epoch 43/100 | train_loss: 0.0904 | val_loss: 0.0968 | val_dice: 0.8848
Epoch 44/100 | train_loss: 0.0908 | val_loss: 0.0978 | val_dice: 0.8842
Epoch 45/100 | train_loss: 0.0906 | val_loss: 0.0995 | val_dice: 0.8824
Early stopping at epoch 45
Saved training curve to /users/egottfri/code/octa-segmentation/results/octa500_lv_ablation/att_res_unet/training_curve_fold3.png
Fold 3 best Dice: 0.8873

==================================================
FOLD 4/5
==================================================
Epoch 1/100 | train_loss: 0.4764 | val_loss: 0.4257 | val_dice: 0.3019
New best! Saved (val_dice: 0.3019)
Epoch 2/100 | train_loss: 0.1561 | val_loss: 0.1198 | val_dice: 0.8658
New best! Saved (val_dice: 0.8658)
Epoch 3/100 | train_loss: 0.1228 | val_loss: 0.1100 | val_dice: 0.8729
New best! Saved (val_dice: 0.8729)
Epoch 4/100 | train_loss: 0.1168 | val_loss: 0.1108 | val_dice: 0.8707
Epoch 5/100 | train_loss: 0.1135 | val_loss: 0.1023 | val_dice: 0.8807
New best! Saved (val_dice: 0.8807)
Epoch 6/100 | train_loss: 0.1094 | val_loss: 0.0997 | val_dice: 0.8834
New best! Saved (val_dice: 0.8834)
Epoch 7/100 | train_loss: 0.1079 | val_loss: 0.1044 | val_dice: 0.8769
Epoch 8/100 | train_loss: 0.1061 | val_loss: 0.1008 | val_dice: 0.8818
Epoch 9/100 | train_loss: 0.1052 | val_loss: 0.0994 | val_dice: 0.8830
Epoch 10/100 | train_loss: 0.1035 | val_loss: 0.1043 | val_dice: 0.8762
Epoch 11/100 | train_loss: 0.1037 | val_loss: 0.0980 | val_dice: 0.8843
New best! Saved (val_dice: 0.8843)
Epoch 12/100 | train_loss: 0.1021 | val_loss: 0.1004 | val_dice: 0.8815
Epoch 13/100 | train_loss: 0.1017 | val_loss: 0.0981 | val_dice: 0.8847
New best! Saved (val_dice: 0.8847)
Epoch 14/100 | train_loss: 0.1013 | val_loss: 0.1163 | val_dice: 0.8616
Epoch 15/100 | train_loss: 0.1000 | val_loss: 0.0963 | val_dice: 0.8861
New best! Saved (val_dice: 0.8861)
Epoch 16/100 | train_loss: 0.1000 | val_loss: 0.0959 | val_dice: 0.8871
New best! Saved (val_dice: 0.8871)
Epoch 17/100 | train_loss: 0.0995 | val_loss: 0.0969 | val_dice: 0.8860
Epoch 18/100 | train_loss: 0.0985 | val_loss: 0.0924 | val_dice: 0.8914
New best! Saved (val_dice: 0.8914)
Epoch 19/100 | train_loss: 0.0975 | val_loss: 0.0946 | val_dice: 0.8886
Epoch 20/100 | train_loss: 0.0982 | val_loss: 0.0967 | val_dice: 0.8868
Epoch 21/100 | train_loss: 0.0973 | val_loss: 0.0948 | val_dice: 0.8877
Epoch 22/100 | train_loss: 0.0961 | val_loss: 0.0929 | val_dice: 0.8902
Epoch 23/100 | train_loss: 0.0967 | val_loss: 0.0945 | val_dice: 0.8896
Epoch 24/100 | train_loss: 0.0977 | val_loss: 0.0979 | val_dice: 0.8850
Epoch 25/100 | train_loss: 0.0959 | val_loss: 0.1008 | val_dice: 0.8804
Epoch 26/100 | train_loss: 0.0963 | val_loss: 0.0942 | val_dice: 0.8894
Epoch 27/100 | train_loss: 0.0964 | val_loss: 0.0941 | val_dice: 0.8887
Epoch 28/100 | train_loss: 0.0953 | val_loss: 0.0948 | val_dice: 0.8877
Early stopping at epoch 28
Saved training curve to /users/egottfri/code/octa-segmentation/results/octa500_lv_ablation/att_res_unet/training_curve_fold4.png
Fold 4 best Dice: 0.8914

==================================================
FOLD 5/5
==================================================
Epoch 1/100 | train_loss: 0.4763 | val_loss: 0.4397 | val_dice: 0.2497
New best! Saved (val_dice: 0.2497)
Epoch 2/100 | train_loss: 0.1536 | val_loss: 0.1242 | val_dice: 0.8595
New best! Saved (val_dice: 0.8595)
Epoch 3/100 | train_loss: 0.1225 | val_loss: 0.1128 | val_dice: 0.8693
New best! Saved (val_dice: 0.8693)
Epoch 4/100 | train_loss: 0.1186 | val_loss: 0.1117 | val_dice: 0.8695
New best! Saved (val_dice: 0.8695)
Epoch 5/100 | train_loss: 0.1113 | val_loss: 0.1036 | val_dice: 0.8785
New best! Saved (val_dice: 0.8785)
Epoch 6/100 | train_loss: 0.1104 | val_loss: 0.1094 | val_dice: 0.8706
Epoch 7/100 | train_loss: 0.1080 | val_loss: 0.1020 | val_dice: 0.8793
New best! Saved (val_dice: 0.8793)
Epoch 8/100 | train_loss: 0.1076 | val_loss: 0.1004 | val_dice: 0.8809
New best! Saved (val_dice: 0.8809)
Epoch 9/100 | train_loss: 0.1041 | val_loss: 0.1016 | val_dice: 0.8801
Epoch 10/100 | train_loss: 0.1044 | val_loss: 0.1016 | val_dice: 0.8791
Epoch 11/100 | train_loss: 0.1032 | val_loss: 0.1079 | val_dice: 0.8730
Epoch 12/100 | train_loss: 0.1025 | val_loss: 0.0992 | val_dice: 0.8821
New best! Saved (val_dice: 0.8821)
Epoch 13/100 | train_loss: 0.1024 | val_loss: 0.1046 | val_dice: 0.8759
Epoch 14/100 | train_loss: 0.1005 | val_loss: 0.0965 | val_dice: 0.8853
New best! Saved (val_dice: 0.8853)
Epoch 15/100 | train_loss: 0.1008 | val_loss: 0.0967 | val_dice: 0.8856
New best! Saved (val_dice: 0.8856)
Epoch 16/100 | train_loss: 0.1003 | val_loss: 0.0970 | val_dice: 0.8846
Epoch 17/100 | train_loss: 0.0989 | val_loss: 0.1093 | val_dice: 0.8700
Epoch 18/100 | train_loss: 0.1000 | val_loss: 0.1007 | val_dice: 0.8810
Epoch 19/100 | train_loss: 0.0995 | val_loss: 0.0958 | val_dice: 0.8862
New best! Saved (val_dice: 0.8862)
Epoch 20/100 | train_loss: 0.0988 | val_loss: 0.0974 | val_dice: 0.8832
Epoch 21/100 | train_loss: 0.0973 | val_loss: 0.0987 | val_dice: 0.8828
Epoch 22/100 | train_loss: 0.0990 | val_loss: 0.0980 | val_dice: 0.8828
Epoch 23/100 | train_loss: 0.0985 | val_loss: 0.1012 | val_dice: 0.8796
Epoch 24/100 | train_loss: 0.0981 | val_loss: 0.0948 | val_dice: 0.8873
New best! Saved (val_dice: 0.8873)
Epoch 25/100 | train_loss: 0.0978 | val_loss: 0.0953 | val_dice: 0.8862
Epoch 26/100 | train_loss: 0.0962 | val_loss: 0.0949 | val_dice: 0.8868
Epoch 27/100 | train_loss: 0.0959 | val_loss: 0.0946 | val_dice: 0.8869
Epoch 28/100 | train_loss: 0.0961 | val_loss: 0.1004 | val_dice: 0.8806
Epoch 29/100 | train_loss: 0.0952 | val_loss: 0.0965 | val_dice: 0.8845
Epoch 30/100 | train_loss: 0.0960 | val_loss: 0.0948 | val_dice: 0.8869
Epoch 31/100 | train_loss: 0.0953 | val_loss: 0.0949 | val_dice: 0.8868
Epoch 32/100 | train_loss: 0.0955 | val_loss: 0.0956 | val_dice: 0.8855
Epoch 33/100 | train_loss: 0.0932 | val_loss: 0.0952 | val_dice: 0.8861
Epoch 34/100 | train_loss: 0.0938 | val_loss: 0.0945 | val_dice: 0.8868
Early stopping at epoch 34
Saved training curve to /users/egottfri/code/octa-segmentation/results/octa500_lv_ablation/att_res_unet/training_curve_fold5.png
Fold 5 best Dice: 0.8873

==================================================
K-FOLD RESULTS: 0.8883 ± 0.0017
Individual folds: ['0.8887', '0.8868', '0.8873', '0.8914', '0.8873']
==================================================
all done
